Archive member included to satisfy reference by file (symbol)

d:/stm32cubeide_1.7.0/stm32cubeide/plugins/com.st.stm32cube.ide.mcu.externaltools.gnu-tools-for-stm32.9-2020-q2-update.win32_2.0.0.202105311346/tools/bin/../lib/gcc/arm-none-eabi/9.3.1/../../../../arm-none-eabi/lib/thumb/v7-m/nofp\libc_nano.a(lib_a-errno.o)
                              ./Core/Src/syscalls.o (__errno)
d:/stm32cubeide_1.7.0/stm32cubeide/plugins/com.st.stm32cube.ide.mcu.externaltools.gnu-tools-for-stm32.9-2020-q2-update.win32_2.0.0.202105311346/tools/bin/../lib/gcc/arm-none-eabi/9.3.1/../../../../arm-none-eabi/lib/thumb/v7-m/nofp\libc_nano.a(lib_a-exit.o)
                              d:/stm32cubeide_1.7.0/stm32cubeide/plugins/com.st.stm32cube.ide.mcu.externaltools.gnu-tools-for-stm32.9-2020-q2-update.win32_2.0.0.202105311346/tools/bin/../lib/gcc/arm-none-eabi/9.3.1/../../../../arm-none-eabi/lib/thumb/v7-m/nofp/crt0.o (exit)
d:/stm32cubeide_1.7.0/stm32cubeide/plugins/com.st.stm32cube.ide.mcu.externaltools.gnu-tools-for-stm32.9-2020-q2-update.win32_2.0.0.202105311346/tools/bin/../lib/gcc/arm-none-eabi/9.3.1/../../../../arm-none-eabi/lib/thumb/v7-m/nofp\libc_nano.a(lib_a-impure.o)
                              d:/stm32cubeide_1.7.0/stm32cubeide/plugins/com.st.stm32cube.ide.mcu.externaltools.gnu-tools-for-stm32.9-2020-q2-update.win32_2.0.0.202105311346/tools/bin/../lib/gcc/arm-none-eabi/9.3.1/../../../../arm-none-eabi/lib/thumb/v7-m/nofp\libc_nano.a(lib_a-exit.o) (_global_impure_ptr)
d:/stm32cubeide_1.7.0/stm32cubeide/plugins/com.st.stm32cube.ide.mcu.externaltools.gnu-tools-for-stm32.9-2020-q2-update.win32_2.0.0.202105311346/tools/bin/../lib/gcc/arm-none-eabi/9.3.1/../../../../arm-none-eabi/lib/thumb/v7-m/nofp\libc_nano.a(lib_a-init.o)
                              d:/stm32cubeide_1.7.0/stm32cubeide/plugins/com.st.stm32cube.ide.mcu.externaltools.gnu-tools-for-stm32.9-2020-q2-update.win32_2.0.0.202105311346/tools/bin/../lib/gcc/arm-none-eabi/9.3.1/../../../../arm-none-eabi/lib/thumb/v7-m/nofp/crt0.o (__libc_init_array)
d:/stm32cubeide_1.7.0/stm32cubeide/plugins/com.st.stm32cube.ide.mcu.externaltools.gnu-tools-for-stm32.9-2020-q2-update.win32_2.0.0.202105311346/tools/bin/../lib/gcc/arm-none-eabi/9.3.1/../../../../arm-none-eabi/lib/thumb/v7-m/nofp\libc_nano.a(lib_a-memset.o)
                              d:/stm32cubeide_1.7.0/stm32cubeide/plugins/com.st.stm32cube.ide.mcu.externaltools.gnu-tools-for-stm32.9-2020-q2-update.win32_2.0.0.202105311346/tools/bin/../lib/gcc/arm-none-eabi/9.3.1/../../../../arm-none-eabi/lib/thumb/v7-m/nofp/crt0.o (memset)

Allocating common symbols
Common symbol       size              file

KeyReg3             0x28              ./Core/Src/button_array.o
timer_counter       0x28              ./Core/Src/software_timer.o
KeyReg0             0x28              ./Core/Src/button_array.o
uwTick              0x4               ./Drivers/STM32F1xx_HAL_Driver/stm32f1xx_hal.o
pFlash              0x20              ./Drivers/STM32F1xx_HAL_Driver/stm32f1xx_hal_flash.o
KeyReg1             0x28              ./Core/Src/button_array.o
TimeOutForKeyPress  0x28              ./Core/Src/button_array.o
button_flag         0x28              ./Core/Src/button_array.o
button_pressed      0x28              ./Core/Src/button_array.o
KeyReg2             0x28              ./Core/Src/button_array.o
timer_flag          0x28              ./Core/Src/software_timer.o
htim2               0x48              ./Core/Src/main.o
button_long_pressed
                    0x28              ./Core/Src/button_array.o

Discarded input sections

 .text          0x0000000000000000        0x0 d:/stm32cubeide_1.7.0/stm32cubeide/plugins/com.st.stm32cube.ide.mcu.externaltools.gnu-tools-for-stm32.9-2020-q2-update.win32_2.0.0.202105311346/tools/bin/../lib/gcc/arm-none-eabi/9.3.1/thumb/v7-m/nofp/crti.o
 .data          0x0000000000000000        0x0 d:/stm32cubeide_1.7.0/stm32cubeide/plugins/com.st.stm32cube.ide.mcu.externaltools.gnu-tools-for-stm32.9-2020-q2-update.win32_2.0.0.202105311346/tools/bin/../lib/gcc/arm-none-eabi/9.3.1/thumb/v7-m/nofp/crti.o
 .bss           0x0000000000000000        0x0 d:/stm32cubeide_1.7.0/stm32cubeide/plugins/com.st.stm32cube.ide.mcu.externaltools.gnu-tools-for-stm32.9-2020-q2-update.win32_2.0.0.202105311346/tools/bin/../lib/gcc/arm-none-eabi/9.3.1/thumb/v7-m/nofp/crti.o
 .data          0x0000000000000000        0x4 d:/stm32cubeide_1.7.0/stm32cubeide/plugins/com.st.stm32cube.ide.mcu.externaltools.gnu-tools-for-stm32.9-2020-q2-update.win32_2.0.0.202105311346/tools/bin/../lib/gcc/arm-none-eabi/9.3.1/thumb/v7-m/nofp/crtbegin.o
 .text          0x0000000000000000       0x7c d:/stm32cubeide_1.7.0/stm32cubeide/plugins/com.st.stm32cube.ide.mcu.externaltools.gnu-tools-for-stm32.9-2020-q2-update.win32_2.0.0.202105311346/tools/bin/../lib/gcc/arm-none-eabi/9.3.1/../../../../arm-none-eabi/lib/thumb/v7-m/nofp/crt0.o
[...]
Memory Configuration

Name             Origin             Length             Attributes
RAM              0x0000000020000000 0x0000000000002800 xrw
FLASH            0x0000000008000000 0x0000000000008000 xr
*default*        0x0000000000000000 0xffffffffffffffff

Linker script and memory map

LOAD d:/stm32cubeide_1.7.0/stm32cubeide/plugins/com.st.stm32cube.ide.mcu.externaltools.gnu-tools-for-stm32.9-2020-q2-update.win32_2.0.0.202105311346/tools/bin/../lib/gcc/arm-none-eabi/9.3.1/thumb/v7-m/nofp/crti.o
LOAD d:/stm32cubeide_1.7.0/stm32cubeide/plugins/com.st.stm32cube.ide.mcu.externaltools.gnu-tools-for-stm32.9-2020-q2-update.win32_2.0.0.202105311346/tools/bin/../lib/gcc/arm-none-eabi/9.3.1/thumb/v7-m/nofp/crtbegin.o
LOAD d:/stm32cubeide_1.7.0/stm32cubeide/plugins/com.st.stm32cube.ide.mcu.externaltools.gnu-tools-for-stm32.9-2020-q2-update.win32_2.0.0.202105311346/tools/bin/../lib/gcc/arm-none-eabi/9.3.1/../../../../arm-none-eabi/lib/thumb/v7-m/nofp/crt0.o
LOAD ./Core/Src/automatic.o
LOAD ./Core/Src/button.o
LOAD ./Core/Src/button_array.o
LOAD ./Core/Src/global.o
LOAD ./Core/Src/main.o
LOAD ./Core/Src/manual.o
LOAD ./Core/Src/seven_segment_led.o
LOAD ./Core/Src/software_timer.o
LOAD ./Core/Src/stm32f1xx_hal_msp.o
LOAD ./Core/Src/stm32f1xx_it.o
LOAD ./Core/Src/syscalls.o
LOAD ./Core/Src/sysmem.o
LOAD ./Core/Src/system_stm32f1xx.o
LOAD ./Core/Src/traffic_light.o
LOAD ./Core/Startup/startup_stm32f103c6tx.o
LOAD ./Drivers/STM32F1xx_HAL_Driver/stm32f1xx_hal.o
LOAD ./Drivers/STM32F1xx_HAL_Driver/stm32f1xx_hal_cortex.o
LOAD ./Drivers/STM32F1xx_HAL_Driver/stm32f1xx_hal_dma.o
LOAD ./Drivers/STM32F1xx_HAL_Driver/stm32f1xx_hal_exti.o
LOAD ./Drivers/STM32F1xx_HAL_Driver/stm32f1xx_hal_flash.o
LOAD ./Drivers/STM32F1xx_HAL_Driver/stm32f1xx_hal_flash_ex.o
LOAD ./Drivers/STM32F1xx_HAL_Driver/stm32f1xx_hal_gpio.o
LOAD ./Drivers/STM32F1xx_HAL_Driver/stm32f1xx_hal_gpio_ex.o
LOAD ./Drivers/STM32F1xx_HAL_Driver/stm32f1xx_hal_pwr.o
LOAD ./Drivers/STM32F1xx_HAL_Driver/stm32f1xx_hal_rcc.o
LOAD ./Drivers/STM32F1xx_HAL_Driver/stm32f1xx_hal_rcc_ex.o
LOAD ./Drivers/STM32F1xx_HAL_Driver/stm32f1xx_hal_tim.o
LOAD ./Drivers/STM32F1xx_HAL_Driver/stm32f1xx_hal_tim_ex.o
START GROUP
LOAD d:/stm32cubeide_1.7.0/stm32cubeide/plugins/com.st.stm32cube.ide.mcu.externaltools.gnu-tools-for-stm32.9-2020-q2-update.win32_2.0.0.202105311346/tools/bin/../lib/gcc/arm-none-eabi/9.3.1/../../../../arm-none-eabi/lib/thumb/v7-m/nofp\libc_nano.a
LOAD d:/stm32cubeide_1.7.0/stm32cubeide/plugins/com.st.stm32cube.ide.mcu.externaltools.gnu-tools-for-stm32.9-2020-q2-update.win32_2.0.0.202105311346/tools/bin/../lib/gcc/arm-none-eabi/9.3.1/../../../../arm-none-eabi/lib/thumb/v7-m/nofp\libm.a
END GROUP
START GROUP
LOAD d:/stm32cubeide_1.7.0/stm32cubeide/plugins/com.st.stm32cube.ide.mcu.externaltools.gnu-tools-for-stm32.9-2020-q2-update.win32_2.0.0.202105311346/tools/bin/../lib/gcc/arm-none-eabi/9.3.1/thumb/v7-m/nofp\libgcc.a
LOAD d:/stm32cubeide_1.7.0/stm32cubeide/plugins/com.st.stm32cube.ide.mcu.externaltools.gnu-tools-for-stm32.9-2020-q2-update.win32_2.0.0.202105311346/tools/bin/../lib/gcc/arm-none-eabi/9.3.1/../../../../arm-none-eabi/lib/thumb/v7-m/nofp\libc_nano.a
END GROUP
START GROUP
LOAD d:/stm32cubeide_1.7.0/stm32cubeide/plugins/com.st.stm32cube.ide.mcu.externaltools.gnu-tools-for-stm32.9-2020-q2-update.win32_2.0.0.202105311346/tools/bin/../lib/gcc/arm-none-eabi/9.3.1/thumb/v7-m/nofp\libgcc.a
LOAD d:/stm32cubeide_1.7.0/stm32cubeide/plugins/com.st.stm32cube.ide.mcu.externaltools.gnu-tools-for-stm32.9-2020-q2-update.win32_2.0.0.202105311346/tools/bin/../lib/gcc/arm-none-eabi/9.3.1/../../../../arm-none-eabi/lib/thumb/v7-m/nofp\libc_nano.a
LOAD d:/stm32cubeide_1.7.0/stm32cubeide/plugins/com.st.stm32cube.ide.mcu.externaltools.gnu-tools-for-stm32.9-2020-q2-update.win32_2.0.0.202105311346/tools/bin/../lib/gcc/arm-none-eabi/9.3.1/../../../../arm-none-eabi/lib/thumb/v7-m/nofp\libnosys.a
END GROUP
START GROUP
LOAD d:/stm32cubeide_1.7.0/stm32cubeide/plugins/com.st.stm32cube.ide.mcu.externaltools.gnu-tools-for-stm32.9-2020-q2-update.win32_2.0.0.202105311346/tools/bin/../lib/gcc/arm-none-eabi/9.3.1/thumb/v7-m/nofp\libgcc.a
LOAD d:/stm32cubeide_1.7.0/stm32cubeide/plugins/com.st.stm32cube.ide.mcu.externaltools.gnu-tools-for-stm32.9-2020-q2-update.win32_2.0.0.202105311346/tools/bin/../lib/gcc/arm-none-eabi/9.3.1/../../../../arm-none-eabi/lib/thumb/v7-m/nofp\libc_nano.a
LOAD d:/stm32cubeide_1.7.0/stm32cubeide/plugins/com.st.stm32cube.ide.mcu.externaltools.gnu-tools-for-stm32.9-2020-q2-update.win32_2.0.0.202105311346/tools/bin/../lib/gcc/arm-none-eabi/9.3.1/../../../../arm-none-eabi/lib/thumb/v7-m/nofp\libnosys.a
END GROUP
LOAD d:/stm32cubeide_1.7.0/stm32cubeide/plugins/com.st.stm32cube.ide.mcu.externaltools.gnu-tools-for-stm32.9-2020-q2-update.win32_2.0.0.202105311346/tools/bin/../lib/gcc/arm-none-eabi/9.3.1/thumb/v7-m/nofp/crtend.o
LOAD d:/stm32cubeide_1.7.0/stm32cubeide/plugins/com.st.stm32cube.ide.mcu.externaltools.gnu-tools-for-stm32.9-2020-q2-update.win32_2.0.0.202105311346/tools/bin/../lib/gcc/arm-none-eabi/9.3.1/thumb/v7-m/nofp/crtn.o
                0x0000000020002800                _estack = (ORIGIN (RAM) + LENGTH (RAM))
                0x0000000000000200                _Min_Heap_Size = 0x200
                0x0000000000000400                _Min_Stack_Size = 0x400

.isr_vector     0x0000000008000000      0x10c
                0x0000000008000000                . = ALIGN (0x4)
 *(.isr_vector)
 .isr_vector    0x0000000008000000      0x10c ./Core/Startup/startup_stm32f103c6tx.o
                0x0000000008000000                g_pfnVectors
                0x000000000800010c                . = ALIGN (0x4)

.text           0x000000000800010c     0x2b50
                0x000000000800010c                . = ALIGN (0x4)
 *(.text)
 .text          0x000000000800010c       0x40 d:/stm32cubeide_1.7.0/stm32cubeide/plugins/com.st.stm32cube.ide.mcu.externaltools.gnu-tools-for-stm32.9-2020-q2-update.win32_2.0.0.202105311346/tools/bin/../lib/gcc/arm-none-eabi/9.3.1/thumb/v7-m/nofp/crtbegin.o
 *(.text*)
 .text.fsm_automatic
                0x000000000800014c      0x330 ./Core/Src/automatic.o
                0x000000000800014c                fsm_automatic
 .text.initButtons
                0x000000000800047c       0x98 ./Core/Src/button_array.o
                0x000000000800047c                initButtons
 .text.isButtonPressed
                0x0000000008000514       0x34 ./Core/Src/button_array.o
                0x0000000008000514                isButtonPressed
 .text.getKeyInput
                0x0000000008000548      0x150 ./Core/Src/button_array.o
                0x0000000008000548                getKeyInput
 .text.fsm_setting
                0x0000000008000698       0x88 ./Core/Src/global.o
                0x0000000008000698                fsm_setting
 .text.main     0x0000000008000720       0x5c ./Core/Src/main.o
                0x0000000008000720                main
 .text.SystemClock_Config
                0x000000000800077c       0x76 ./Core/Src/main.o
                0x000000000800077c                SystemClock_Config
 *fill*         0x00000000080007f2        0x2 
 .text.MX_TIM2_Init
                0x00000000080007f4       0x98 ./Core/Src/main.o
 .text.MX_GPIO_Init
                0x000000000800088c       0xc4 ./Core/Src/main.o
 .text.HAL_TIM_PeriodElapsedCallback
                0x0000000008000950       0x5c ./Core/Src/main.o
                0x0000000008000950                HAL_TIM_PeriodElapsedCallback
 .text.Error_Handler
                0x00000000080009ac        0xa ./Core/Src/main.o
                0x00000000080009ac                Error_Handler
 *fill*         0x00000000080009b6        0x2 
 .text.fsm_manual
                0x00000000080009b8      0x324 ./Core/Src/manual.o
                0x00000000080009b8                fsm_manual
 .text.resetAllDigits
                0x0000000008000cdc       0x38 ./Core/Src/seven_segment_led.o
                0x0000000008000cdc                resetAllDigits
 .text.setNum2Digit
                0x0000000008000d14       0x7c ./Core/Src/seven_segment_led.o
                0x0000000008000d14                setNum2Digit
 .text.display7SEG
                0x0000000008000d90      0x150 ./Core/Src/seven_segment_led.o
                0x0000000008000d90                display7SEG
 .text.update7SEG
                0x0000000008000ee0       0xa4 ./Core/Src/seven_segment_led.o
                0x0000000008000ee0                update7SEG
 .text.updateBufferXLine
                0x0000000008000f84       0x60 ./Core/Src/seven_segment_led.o
                0x0000000008000f84                updateBufferXLine
 .text.updateBufferYLine
                0x0000000008000fe4       0x60 ./Core/Src/seven_segment_led.o
                0x0000000008000fe4                updateBufferYLine
 .text.setTimer
                0x0000000008001044       0x3c ./Core/Src/software_timer.o
                0x0000000008001044                setTimer
 .text.timerRun
                0x0000000008001080       0x60 ./Core/Src/software_timer.o
                0x0000000008001080                timerRun
 .text.HAL_MspInit
                0x00000000080010e0       0x64 ./Core/Src/stm32f1xx_hal_msp.o
                0x00000000080010e0                HAL_MspInit
 .text.HAL_TIM_Base_MspInit
                0x0000000008001144       0x48 ./Core/Src/stm32f1xx_hal_msp.o
                0x0000000008001144                HAL_TIM_Base_MspInit
 .text.NMI_Handler
                0x000000000800118c        0x6 ./Core/Src/stm32f1xx_it.o
                0x000000000800118c                NMI_Handler
 .text.HardFault_Handler
                0x0000000008001192        0x6 ./Core/Src/stm32f1xx_it.o
                0x0000000008001192                HardFault_Handler
 .text.MemManage_Handler
                0x0000000008001198        0x6 ./Core/Src/stm32f1xx_it.o
                0x0000000008001198                MemManage_Handler
 .text.BusFault_Handler
                0x000000000800119e        0x6 ./Core/Src/stm32f1xx_it.o
                0x000000000800119e                BusFault_Handler
 .text.UsageFault_Handler
                0x00000000080011a4        0x6 ./Core/Src/stm32f1xx_it.o
                0x00000000080011a4                UsageFault_Handler
 .text.SVC_Handler
                0x00000000080011aa        0xc ./Core/Src/stm32f1xx_it.o
                0x00000000080011aa                SVC_Handler
 .text.DebugMon_Handler
                0x00000000080011b6        0xc ./Core/Src/stm32f1xx_it.o
                0x00000000080011b6                DebugMon_Handler
 .text.PendSV_Handler
                0x00000000080011c2        0xc ./Core/Src/stm32f1xx_it.o
                0x00000000080011c2                PendSV_Handler
 .text.SysTick_Handler
                0x00000000080011ce        0xc ./Core/Src/stm32f1xx_it.o
                0x00000000080011ce                SysTick_Handler
 *fill*         0x00000000080011da        0x2 
 .text.TIM2_IRQHandler
                0x00000000080011dc       0x14 ./Core/Src/stm32f1xx_it.o
                0x00000000080011dc                TIM2_IRQHandler
 .text.SystemInit
                0x00000000080011f0        0xc ./Core/Src/system_stm32f1xx.o
                0x00000000080011f0                SystemInit
 .text.trafficGreenRed
                0x00000000080011fc       0x54 ./Core/Src/traffic_light.o
                0x00000000080011fc                trafficGreenRed
 .text.trafficYellowRed
                0x0000000008001250       0x54 ./Core/Src/traffic_light.o
                0x0000000008001250                trafficYellowRed
 .text.trafficRedGreen
                0x00000000080012a4       0x54 ./Core/Src/traffic_light.o
                0x00000000080012a4                trafficRedGreen
 .text.trafficRedYellow
                0x00000000080012f8       0x54 ./Core/Src/traffic_light.o
                0x00000000080012f8                trafficRedYellow
 .text.updateRedTime
                0x000000000800134c       0x30 ./Core/Src/traffic_light.o
                0x000000000800134c                updateRedTime
 .text.updateGreenTime
                0x000000000800137c       0x30 ./Core/Src/traffic_light.o
                0x000000000800137c                updateGreenTime
 .text.updateYellowTime
                0x00000000080013ac       0x40 ./Core/Src/traffic_light.o
                0x00000000080013ac                updateYellowTime
 .text.setRedTime
                0x00000000080013ec       0x1c ./Core/Src/traffic_light.o
                0x00000000080013ec                setRedTime
 .text.setYellowTime
                0x0000000008001408       0x1c ./Core/Src/traffic_light.o
                0x0000000008001408                setYellowTime
 .text.setGreenTime
                0x0000000008001424       0x1c ./Core/Src/traffic_light.o
                0x0000000008001424                setGreenTime
 .text.clearTrafficLight
                0x0000000008001440       0x54 ./Core/Src/traffic_light.o
                0x0000000008001440                clearTrafficLight
 .text.blinkRedLed
                0x0000000008001494       0x50 ./Core/Src/traffic_light.o
                0x0000000008001494                blinkRedLed
 .text.blinkYellowLed
                0x00000000080014e4       0x50 ./Core/Src/traffic_light.o
                0x00000000080014e4                blinkYellowLed
 .text.blinkGreenLed
                0x0000000008001534       0x50 ./Core/Src/traffic_light.o
                0x0000000008001534                blinkGreenLed
 .text.blinkAllLed
                0x0000000008001584       0x48 ./Core/Src/traffic_light.o
                0x0000000008001584                blinkAllLed
 .text.Reset_Handler
                0x00000000080015cc       0x48 ./Core/Startup/startup_stm32f103c6tx.o
                0x00000000080015cc                Reset_Handler
 .text.Default_Handler
                0x0000000008001614        0x2 ./Core/Startup/startup_stm32f103c6tx.o
                0x0000000008001614                RTC_Alarm_IRQHandler
                0x0000000008001614                EXTI2_IRQHandler
                0x0000000008001614                TIM1_CC_IRQHandler
                0x0000000008001614                PVD_IRQHandler
                0x0000000008001614                EXTI3_IRQHandler
                0x0000000008001614                EXTI0_IRQHandler
                0x0000000008001614                ADC1_2_IRQHandler
                0x0000000008001614                SPI1_IRQHandler
                0x0000000008001614                TAMPER_IRQHandler
                0x0000000008001614                DMA1_Channel4_IRQHandler
                0x0000000008001614                RTC_IRQHandler
                0x0000000008001614                DMA1_Channel7_IRQHandler
                0x0000000008001614                CAN1_RX1_IRQHandler
                0x0000000008001614                I2C1_EV_IRQHandler
                0x0000000008001614                DMA1_Channel6_IRQHandler
                0x0000000008001614                TIM3_IRQHandler
                0x0000000008001614                RCC_IRQHandler
                0x0000000008001614                TIM1_TRG_COM_IRQHandler
                0x0000000008001614                DMA1_Channel1_IRQHandler
                0x0000000008001614                Default_Handler
                0x0000000008001614                EXTI15_10_IRQHandler
                0x0000000008001614                EXTI9_5_IRQHandler
                0x0000000008001614                DMA1_Channel5_IRQHandler
                0x0000000008001614                EXTI4_IRQHandler
                0x0000000008001614                USB_LP_CAN1_RX0_IRQHandler
                0x0000000008001614                USB_HP_CAN1_TX_IRQHandler
                0x0000000008001614                DMA1_Channel3_IRQHandler
                0x0000000008001614                TIM1_UP_IRQHandler
                0x0000000008001614                WWDG_IRQHandler
                0x0000000008001614                TIM1_BRK_IRQHandler
                0x0000000008001614                EXTI1_IRQHandler
                0x0000000008001614                USART2_IRQHandler
                0x0000000008001614                DMA1_Channel2_IRQHandler
                0x0000000008001614                CAN1_SCE_IRQHandler
                0x0000000008001614                FLASH_IRQHandler
                0x0000000008001614                USART1_IRQHandler
                0x0000000008001614                I2C1_ER_IRQHandler
                0x0000000008001614                USBWakeUp_IRQHandler
 *fill*         0x0000000008001616        0x2 
 .text.HAL_Init
                0x0000000008001618       0x2c ./Drivers/STM32F1xx_HAL_Driver/stm32f1xx_hal.o
                0x0000000008001618                HAL_Init
 .text.HAL_InitTick
                0x0000000008001644       0x60 ./Drivers/STM32F1xx_HAL_Driver/stm32f1xx_hal.o
                0x0000000008001644                HAL_InitTick
 .text.HAL_IncTick
                0x00000000080016a4       0x24 ./Drivers/STM32F1xx_HAL_Driver/stm32f1xx_hal.o
                0x00000000080016a4                HAL_IncTick
 .text.HAL_GetTick
                0x00000000080016c8       0x14 ./Drivers/STM32F1xx_HAL_Driver/stm32f1xx_hal.o
                0x00000000080016c8                HAL_GetTick
 .text.__NVIC_SetPriorityGrouping
                0x00000000080016dc       0x48 ./Drivers/STM32F1xx_HAL_Driver/stm32f1xx_hal_cortex.o
 .text.__NVIC_GetPriorityGrouping
                0x0000000008001724       0x1c ./Drivers/STM32F1xx_HAL_Driver/stm32f1xx_hal_cortex.o
 .text.__NVIC_EnableIRQ
                0x0000000008001740       0x38 ./Drivers/STM32F1xx_HAL_Driver/stm32f1xx_hal_cortex.o
 .text.__NVIC_SetPriority
                0x0000000008001778       0x54 ./Drivers/STM32F1xx_HAL_Driver/stm32f1xx_hal_cortex.o
 .text.NVIC_EncodePriority
                0x00000000080017cc       0x64 ./Drivers/STM32F1xx_HAL_Driver/stm32f1xx_hal_cortex.o
 .text.SysTick_Config
                0x0000000008001830       0x44 ./Drivers/STM32F1xx_HAL_Driver/stm32f1xx_hal_cortex.o
 .text.HAL_NVIC_SetPriorityGrouping
                0x0000000008001874       0x16 ./Drivers/STM32F1xx_HAL_Driver/stm32f1xx_hal_cortex.o
                0x0000000008001874                HAL_NVIC_SetPriorityGrouping
 .text.HAL_NVIC_SetPriority
                0x000000000800188a       0x38 ./Drivers/STM32F1xx_HAL_Driver/stm32f1xx_hal_cortex.o
                0x000000000800188a                HAL_NVIC_SetPriority
 .text.HAL_NVIC_EnableIRQ
                0x00000000080018c2       0x1c ./Drivers/STM32F1xx_HAL_Driver/stm32f1xx_hal_cortex.o
                0x00000000080018c2                HAL_NVIC_EnableIRQ
 .text.HAL_SYSTICK_Config
                0x00000000080018de       0x18 ./Drivers/STM32F1xx_HAL_Driver/stm32f1xx_hal_cortex.o
                0x00000000080018de                HAL_SYSTICK_Config
 *fill*         0x00000000080018f6        0x2 
 .text.HAL_GPIO_Init
                0x00000000080018f8      0x2f4 ./Drivers/STM32F1xx_HAL_Driver/stm32f1xx_hal_gpio.o
                0x00000000080018f8                HAL_GPIO_Init
 .text.HAL_GPIO_ReadPin
                0x0000000008001bec       0x2e ./Drivers/STM32F1xx_HAL_Driver/stm32f1xx_hal_gpio.o
                0x0000000008001bec                HAL_GPIO_ReadPin
 .text.HAL_GPIO_WritePin
                0x0000000008001c1a       0x30 ./Drivers/STM32F1xx_HAL_Driver/stm32f1xx_hal_gpio.o
                0x0000000008001c1a                HAL_GPIO_WritePin
 .text.HAL_GPIO_TogglePin
                0x0000000008001c4a       0x32 ./Drivers/STM32F1xx_HAL_Driver/stm32f1xx_hal_gpio.o
                0x0000000008001c4a                HAL_GPIO_TogglePin
 .text.HAL_RCC_OscConfig
                0x0000000008001c7c      0x500 ./Drivers/STM32F1xx_HAL_Driver/stm32f1xx_hal_rcc.o
                0x0000000008001c7c                HAL_RCC_OscConfig
 .text.HAL_RCC_ClockConfig
                0x000000000800217c      0x1d4 ./Drivers/STM32F1xx_HAL_Driver/stm32f1xx_hal_rcc.o
                0x000000000800217c                HAL_RCC_ClockConfig
 .text.HAL_RCC_GetSysClockFreq
                0x0000000008002350       0xa8 ./Drivers/STM32F1xx_HAL_Driver/stm32f1xx_hal_rcc.o
                0x0000000008002350                HAL_RCC_GetSysClockFreq
 .text.RCC_Delay
                0x00000000080023f8       0x3c ./Drivers/STM32F1xx_HAL_Driver/stm32f1xx_hal_rcc.o
 .text.HAL_TIM_Base_Init
                0x0000000008002434       0x9e ./Drivers/STM32F1xx_HAL_Driver/stm32f1xx_hal_tim.o
                0x0000000008002434                HAL_TIM_Base_Init
 *fill*         0x00000000080024d2        0x2 
 .text.HAL_TIM_Base_Start_IT
                0x00000000080024d4       0x98 ./Drivers/STM32F1xx_HAL_Driver/stm32f1xx_hal_tim.o
                0x00000000080024d4                HAL_TIM_Base_Start_IT
 .text.HAL_TIM_IRQHandler
                0x000000000800256c      0x1e0 ./Drivers/STM32F1xx_HAL_Driver/stm32f1xx_hal_tim.o
                0x000000000800256c                HAL_TIM_IRQHandler
 .text.HAL_TIM_ConfigClockSource
                0x000000000800274c      0x18e ./Drivers/STM32F1xx_HAL_Driver/stm32f1xx_hal_tim.o
                0x000000000800274c                HAL_TIM_ConfigClockSource
 .text.HAL_TIM_OC_DelayElapsedCallback
                0x00000000080028da       0x12 ./Drivers/STM32F1xx_HAL_Driver/stm32f1xx_hal_tim.o
                0x00000000080028da                HAL_TIM_OC_DelayElapsedCallback
 .text.HAL_TIM_IC_CaptureCallback
                0x00000000080028ec       0x12 ./Drivers/STM32F1xx_HAL_Driver/stm32f1xx_hal_tim.o
                0x00000000080028ec                HAL_TIM_IC_CaptureCallback
 .text.HAL_TIM_PWM_PulseFinishedCallback
                0x00000000080028fe       0x12 ./Drivers/STM32F1xx_HAL_Driver/stm32f1xx_hal_tim.o
                0x00000000080028fe                HAL_TIM_PWM_PulseFinishedCallback
 .text.HAL_TIM_TriggerCallback
                0x0000000008002910       0x12 ./Drivers/STM32F1xx_HAL_Driver/stm32f1xx_hal_tim.o
                0x0000000008002910                HAL_TIM_TriggerCallback
 *fill*         0x0000000008002922        0x2 
 .text.TIM_Base_SetConfig
                0x0000000008002924       0xc8 ./Drivers/STM32F1xx_HAL_Driver/stm32f1xx_hal_tim.o
                0x0000000008002924                TIM_Base_SetConfig
 .text.TIM_TI1_ConfigInputStage
                0x00000000080029ec       0x5c ./Drivers/STM32F1xx_HAL_Driver/stm32f1xx_hal_tim.o
 .text.TIM_TI2_ConfigInputStage
                0x0000000008002a48       0x5e ./Drivers/STM32F1xx_HAL_Driver/stm32f1xx_hal_tim.o
 .text.TIM_ITRx_SetConfig
                0x0000000008002aa6       0x34 ./Drivers/STM32F1xx_HAL_Driver/stm32f1xx_hal_tim.o
 .text.TIM_ETR_SetConfig
                0x0000000008002ada       0x3e ./Drivers/STM32F1xx_HAL_Driver/stm32f1xx_hal_tim.o
                0x0000000008002ada                TIM_ETR_SetConfig
 .text.HAL_TIMEx_MasterConfigSynchronization
                0x0000000008002b18       0xb0 ./Drivers/STM32F1xx_HAL_Driver/stm32f1xx_hal_tim_ex.o
                0x0000000008002b18                HAL_TIMEx_MasterConfigSynchronization
 .text.HAL_TIMEx_CommutCallback
                0x0000000008002bc8       0x12 ./Drivers/STM32F1xx_HAL_Driver/stm32f1xx_hal_tim_ex.o
                0x0000000008002bc8                HAL_TIMEx_CommutCallback
 .text.HAL_TIMEx_BreakCallback
                0x0000000008002bda       0x12 ./Drivers/STM32F1xx_HAL_Driver/stm32f1xx_hal_tim_ex.o
                0x0000000008002bda                HAL_TIMEx_BreakCallback
 .text.__libc_init_array
                0x0000000008002bec       0x48 d:/stm32cubeide_1.7.0/stm32cubeide/plugins/com.st.stm32cube.ide.mcu.externaltools.gnu-tools-for-stm32.9-2020-q2-update.win32_2.0.0.202105311346/tools/bin/../lib/gcc/arm-none-eabi/9.3.1/../../../../arm-none-eabi/lib/thumb/v7-m/nofp\libc_nano.a(lib_a-init.o)
                0x0000000008002bec                __libc_init_array
 .text.memset   0x0000000008002c34       0x10 d:/stm32cubeide_1.7.0/stm32cubeide/plugins/com.st.stm32cube.ide.mcu.externaltools.gnu-tools-for-stm32.9-2020-q2-update.win32_2.0.0.202105311346/tools/bin/../lib/gcc/arm-none-eabi/9.3.1/../../../../arm-none-eabi/lib/thumb/v7-m/nofp\libc_nano.a(lib_a-memset.o)
                0x0000000008002c34                memset
 *(.glue_7)
 .glue_7        0x0000000008002c44        0x0 linker stubs
 *(.glue_7t)
 .glue_7t       0x0000000008002c44        0x0 linker stubs
 *(.eh_frame)
 .eh_frame      0x0000000008002c44        0x0 d:/stm32cubeide_1.7.0/stm32cubeide/plugins/com.st.stm32cube.ide.mcu.externaltools.gnu-tools-for-stm32.9-2020-q2-update.win32_2.0.0.202105311346/tools/bin/../lib/gcc/arm-none-eabi/9.3.1/thumb/v7-m/nofp/crtbegin.o
 *(.init)
 .init          0x0000000008002c44        0x4 d:/stm32cubeide_1.7.0/stm32cubeide/plugins/com.st.stm32cube.ide.mcu.externaltools.gnu-tools-for-stm32.9-2020-q2-update.win32_2.0.0.202105311346/tools/bin/../lib/gcc/arm-none-eabi/9.3.1/thumb/v7-m/nofp/crti.o
                0x0000000008002c44                _init
 .init          0x0000000008002c48        0x8 d:/stm32cubeide_1.7.0/stm32cubeide/plugins/com.st.stm32cube.ide.mcu.externaltools.gnu-tools-for-stm32.9-2020-q2-update.win32_2.0.0.202105311346/tools/bin/../lib/gcc/arm-none-eabi/9.3.1/thumb/v7-m/nofp/crtn.o
 *(.fini)
 .fini          0x0000000008002c50        0x4 d:/stm32cubeide_1.7.0/stm32cubeide/plugins/com.st.stm32cube.ide.mcu.externaltools.gnu-tools-for-stm32.9-2020-q2-update.win32_2.0.0.202105311346/tools/bin/../lib/gcc/arm-none-eabi/9.3.1/thumb/v7-m/nofp/crti.o
                0x0000000008002c50                _fini
 .fini          0x0000000008002c54        0x8 d:/stm32cubeide_1.7.0/stm32cubeide/plugins/com.st.stm32cube.ide.mcu.externaltools.gnu-tools-for-stm32.9-2020-q2-update.win32_2.0.0.202105311346/tools/bin/../lib/gcc/arm-none-eabi/9.3.1/thumb/v7-m/nofp/crtn.o
                0x0000000008002c5c                . = ALIGN (0x4)
                0x0000000008002c5c                _etext = .

.vfp11_veneer   0x0000000008002c5c        0x0
 .vfp11_veneer  0x0000000008002c5c        0x0 linker stubs

.v4_bx          0x0000000008002c5c        0x0
 .v4_bx         0x0000000008002c5c        0x0 linker stubs

.iplt           0x0000000008002c5c        0x0
 .iplt          0x0000000008002c5c        0x0 d:/stm32cubeide_1.7.0/stm32cubeide/plugins/com.st.stm32cube.ide.mcu.externaltools.gnu-tools-for-stm32.9-2020-q2-update.win32_2.0.0.202105311346/tools/bin/../lib/gcc/arm-none-eabi/9.3.1/thumb/v7-m/nofp/crtbegin.o

.rodata         0x0000000008002c5c       0x24
                0x0000000008002c5c                . = ALIGN (0x4)
 *(.rodata)
 *(.rodata*)
 .rodata.AHBPrescTable
                0x0000000008002c5c       0x10 ./Core/Src/system_stm32f1xx.o
                0x0000000008002c5c                AHBPrescTable
 .rodata.aPLLMULFactorTable.6032
                0x0000000008002c6c       0x10 ./Drivers/STM32F1xx_HAL_Driver/stm32f1xx_hal_rcc.o
 .rodata.aPredivFactorTable.6033
                0x0000000008002c7c        0x2 ./Drivers/STM32F1xx_HAL_Driver/stm32f1xx_hal_rcc.o
                0x0000000008002c80                . = ALIGN (0x4)
 *fill*         0x0000000008002c7e        0x2 

.rel.dyn        0x0000000008002c80        0x0
 .rel.iplt      0x0000000008002c80        0x0 d:/stm32cubeide_1.7.0/stm32cubeide/plugins/com.st.stm32cube.ide.mcu.externaltools.gnu-tools-for-stm32.9-2020-q2-update.win32_2.0.0.202105311346/tools/bin/../lib/gcc/arm-none-eabi/9.3.1/thumb/v7-m/nofp/crtbegin.o

.ARM.extab      0x0000000008002c80        0x0
                0x0000000008002c80                . = ALIGN (0x4)
 *(.ARM.extab* .gnu.linkonce.armextab.*)
                0x0000000008002c80                . = ALIGN (0x4)

.ARM            0x0000000008002c80        0x0
                0x0000000008002c80                . = ALIGN (0x4)
                0x0000000008002c80                __exidx_start = .
 *(.ARM.exidx*)
                0x0000000008002c80                __exidx_end = .
                0x0000000008002c80                . = ALIGN (0x4)

.preinit_array  0x0000000008002c80        0x0
                0x0000000008002c80                . = ALIGN (0x4)
                0x0000000008002c80                PROVIDE (__preinit_array_start = .)
 *(.preinit_array*)
                0x0000000008002c80                PROVIDE (__preinit_array_end = .)
                0x0000000008002c80                . = ALIGN (0x4)

.init_array     0x0000000008002c80        0x4
                0x0000000008002c80                . = ALIGN (0x4)
                0x0000000008002c80                PROVIDE (__init_array_start = .)
 *(SORT_BY_NAME(.init_array.*))
 *(.init_array*)
 .init_array    0x0000000008002c80        0x4 d:/stm32cubeide_1.7.0/stm32cubeide/plugins/com.st.stm32cube.ide.mcu.externaltools.gnu-tools-for-stm32.9-2020-q2-update.win32_2.0.0.202105311346/tools/bin/../lib/gcc/arm-none-eabi/9.3.1/thumb/v7-m/nofp/crtbegin.o
                0x0000000008002c84                PROVIDE (__init_array_end = .)
                0x0000000008002c84                . = ALIGN (0x4)

.fini_array     0x0000000008002c84        0x4
                0x0000000008002c84                . = ALIGN (0x4)
                [!provide]                        PROVIDE (__fini_array_start = .)
 *(SORT_BY_NAME(.fini_array.*))
 *(.fini_array*)
 .fini_array    0x0000000008002c84        0x4 d:/stm32cubeide_1.7.0/stm32cubeide/plugins/com.st.stm32cube.ide.mcu.externaltools.gnu-tools-for-stm32.9-2020-q2-update.win32_2.0.0.202105311346/tools/bin/../lib/gcc/arm-none-eabi/9.3.1/thumb/v7-m/nofp/crtbegin.o
                [!provide]                        PROVIDE (__fini_array_end = .)
                0x0000000008002c88                . = ALIGN (0x4)
                0x0000000008002c88                _sidata = LOADADDR (.data)

.data           0x0000000020000000       0x30 load address 0x0000000008002c88
                0x0000000020000000                . = ALIGN (0x4)
                0x0000000020000000                _sdata = .
 *(.data)
 *(.data*)
 .data.countdown
                0x0000000020000000        0x4 ./Core/Src/main.o
                0x0000000020000000                countdown
 .data.led_buffer
                0x0000000020000004       0x10 ./Core/Src/seven_segment_led.o
                0x0000000020000004                led_buffer
 .data.TIMER_CYCLE
                0x0000000020000014        0x4 ./Core/Src/software_timer.o
                0x0000000020000014                TIMER_CYCLE
 .data.SystemCoreClock
                0x0000000020000018        0x4 ./Core/Src/system_stm32f1xx.o
                0x0000000020000018                SystemCoreClock
 .data.redTime  0x000000002000001c        0x4 ./Core/Src/traffic_light.o
                0x000000002000001c                redTime
 .data.yellowTime
                0x0000000020000020        0x4 ./Core/Src/traffic_light.o
                0x0000000020000020                yellowTime
 .data.greenTime
                0x0000000020000024        0x4 ./Core/Src/traffic_light.o
                0x0000000020000024                greenTime
 .data.uwTickPrio
                0x0000000020000028        0x4 ./Drivers/STM32F1xx_HAL_Driver/stm32f1xx_hal.o
                0x0000000020000028                uwTickPrio
 .data.uwTickFreq
                0x000000002000002c        0x1 ./Drivers/STM32F1xx_HAL_Driver/stm32f1xx_hal.o
                0x000000002000002c                uwTickFreq
 *(.RamFunc)
 *(.RamFunc*)
                0x0000000020000030                . = ALIGN (0x4)
 *fill*         0x000000002000002d        0x3 
                0x0000000020000030                _edata = .

.igot.plt       0x0000000020000030        0x0 load address 0x0000000008002cb8
 .igot.plt      0x0000000020000030        0x0 d:/stm32cubeide_1.7.0/stm32cubeide/plugins/com.st.stm32cube.ide.mcu.externaltools.gnu-tools-for-stm32.9-2020-q2-update.win32_2.0.0.202105311346/tools/bin/../lib/gcc/arm-none-eabi/9.3.1/thumb/v7-m/nofp/crtbegin.o
                0x0000000020000030                . = ALIGN (0x4)

.bss            0x0000000020000030      0x218 load address 0x0000000008002cb8
                0x0000000020000030                _sbss = .
                0x0000000020000030                __bss_start__ = _sbss
 *(.bss)
 .bss           0x0000000020000030       0x1c d:/stm32cubeide_1.7.0/stm32cubeide/plugins/com.st.stm32cube.ide.mcu.externaltools.gnu-tools-for-stm32.9-2020-q2-update.win32_2.0.0.202105311346/tools/bin/../lib/gcc/arm-none-eabi/9.3.1/thumb/v7-m/nofp/crtbegin.o
 *(.bss*)
 .bss.countdownX
                0x000000002000004c        0x4 ./Core/Src/automatic.o
                0x000000002000004c                countdownX
 .bss.countdownY
                0x0000000020000050        0x4 ./Core/Src/automatic.o
                0x0000000020000050                countdownY
 .bss.status    0x0000000020000054        0x4 ./Core/Src/global.o
                0x0000000020000054                status
 .bss.idx       0x0000000020000058        0x4 ./Core/Src/main.o
                0x0000000020000058                idx
 .bss.mode      0x000000002000005c        0x4 ./Core/Src/manual.o
                0x000000002000005c                mode
 .bss.redValue  0x0000000020000060        0x4 ./Core/Src/manual.o
                0x0000000020000060                redValue
 .bss.yellowValue
                0x0000000020000064        0x4 ./Core/Src/manual.o
                0x0000000020000064                yellowValue
 .bss.greenValue
                0x0000000020000068        0x4 ./Core/Src/manual.o
                0x0000000020000068                greenValue
 *(COMMON)
 COMMON         0x000000002000006c      0x140 ./Core/Src/button_array.o
                0x000000002000006c                KeyReg3
                0x0000000020000094                KeyReg0
                0x00000000200000bc                KeyReg1
                0x00000000200000e4                TimeOutForKeyPress
                0x000000002000010c                button_flag
                0x0000000020000134                button_pressed
                0x000000002000015c                KeyReg2
                0x0000000020000184                button_long_pressed
 COMMON         0x00000000200001ac       0x48 ./Core/Src/main.o
                0x00000000200001ac                htim2
 COMMON         0x00000000200001f4       0x50 ./Core/Src/software_timer.o
                0x00000000200001f4                timer_counter
                0x000000002000021c                timer_flag
 COMMON         0x0000000020000244        0x4 ./Drivers/STM32F1xx_HAL_Driver/stm32f1xx_hal.o
                0x0000000020000244                uwTick
                0x0000000020000248                . = ALIGN (0x4)
                0x0000000020000248                _ebss = .
                0x0000000020000248                __bss_end__ = _ebss

._user_heap_stack
                0x0000000020000248      0x600 load address 0x0000000008002cb8
                0x0000000020000248                . = ALIGN (0x8)
                [!provide]                        PROVIDE (end = .)
                0x0000000020000248                PROVIDE (_end = .)
                0x0000000020000448                . = (. + _Min_Heap_Size)
 *fill*         0x0000000020000248      0x200 
                0x0000000020000848                . = (. + _Min_Stack_Size)
 *fill*         0x0000000020000448      0x400 
                0x0000000020000848                . = ALIGN (0x8)

/DISCARD/
 libc.a(*)
 libm.a(*)
 libgcc.a(*)

.ARM.attributes
                0x0000000000000000       0x29
 *(.ARM.attributes)
 .ARM.attributes
                0x0000000000000000       0x1d d:/stm32cubeide_1.7.0/stm32cubeide/plugins/com.st.stm32cube.ide.mcu.externaltools.gnu-tools-for-stm32.9-2020-q2-update.win32_2.0.0.202105311346/tools/bin/../lib/gcc/arm-none-eabi/9.3.1/thumb/v7-m/nofp/crti.o
 .ARM.attributes
                0x000000000000001d       0x2d d:/stm32cubeide_1.7.0/stm32cubeide/plugins/com.st.stm32cube.ide.mcu.externaltools.gnu-tools-for-stm32.9-2020-q2-update.win32_2.0.0.202105311346/tools/bin/../lib/gcc/arm-none-eabi/9.3.1/thumb/v7-m/nofp/crtbegin.o
 .ARM.attributes
                0x000000000000004a       0x2d ./Core/Src/automatic.o
 .ARM.attributes
                0x0000000000000077       0x2d ./Core/Src/button_array.o
 .ARM.attributes
                0x00000000000000a4       0x2d ./Core/Src/global.o
 .ARM.attributes
                0x00000000000000d1       0x2d ./Core/Src/main.o
 .ARM.attributes
                0x00000000000000fe       0x2d ./Core/Src/manual.o
 .ARM.attributes
                0x000000000000012b       0x2d ./Core/Src/seven_segment_led.o
 .ARM.attributes
                0x0000000000000158       0x2d ./Core/Src/software_timer.o
 .ARM.attributes
                0x0000000000000185       0x2d ./Core/Src/stm32f1xx_hal_msp.o
 .ARM.attributes
                0x00000000000001b2       0x2d ./Core/Src/stm32f1xx_it.o
 .ARM.attributes
                0x00000000000001df       0x2d ./Core/Src/system_stm32f1xx.o
 .ARM.attributes
                0x000000000000020c       0x2d ./Core/Src/traffic_light.o
 .ARM.attributes
                0x0000000000000239       0x21 ./Core/Startup/startup_stm32f103c6tx.o
 .ARM.attributes
                0x000000000000025a       0x2d ./Drivers/STM32F1xx_HAL_Driver/stm32f1xx_hal.o
 .ARM.attributes
                0x0000000000000287       0x2d ./Drivers/STM32F1xx_HAL_Driver/stm32f1xx_hal_cortex.o
 .ARM.attributes
                0x00000000000002b4       0x2d ./Drivers/STM32F1xx_HAL_Driver/stm32f1xx_hal_gpio.o
 .ARM.attributes
                0x00000000000002e1       0x2d ./Drivers/STM32F1xx_HAL_Driver/stm32f1xx_hal_rcc.o
 .ARM.attributes
                0x000000000000030e       0x2d ./Drivers/STM32F1xx_HAL_Driver/stm32f1xx_hal_tim.o
 .ARM.attributes
                0x000000000000033b       0x2d ./Drivers/STM32F1xx_HAL_Driver/stm32f1xx_hal_tim_ex.o
 .ARM.attributes
                0x0000000000000368       0x2d d:/stm32cubeide_1.7.0/stm32cubeide/plugins/com.st.stm32cube.ide.mcu.externaltools.gnu-tools-for-stm32.9-2020-q2-update.win32_2.0.0.202105311346/tools/bin/../lib/gcc/arm-none-eabi/9.3.1/../../../../arm-none-eabi/lib/thumb/v7-m/nofp\libc_nano.a(lib_a-init.o)
 .ARM.attributes
                0x0000000000000395       0x2d d:/stm32cubeide_1.7.0/stm32cubeide/plugins/com.st.stm32cube.ide.mcu.externaltools.gnu-tools-for-stm32.9-2020-q2-update.win32_2.0.0.202105311346/tools/bin/../lib/gcc/arm-none-eabi/9.3.1/../../../../arm-none-eabi/lib/thumb/v7-m/nofp\libc_nano.a(lib_a-memset.o)
 .ARM.attributes
                0x00000000000003c2       0x1d d:/stm32cubeide_1.7.0/stm32cubeide/plugins/com.st.stm32cube.ide.mcu.externaltools.gnu-tools-for-stm32.9-2020-q2-update.win32_2.0.0.202105311346/tools/bin/../lib/gcc/arm-none-eabi/9.3.1/thumb/v7-m/nofp/crtn.o
OUTPUT(LAB3.elf elf32-littlearm)
LOAD linker stubs
LOAD d:/stm32cubeide_1.7.0/stm32cubeide/plugins/com.st.stm32cube.ide.mcu.externaltools.gnu-tools-for-stm32.9-2020-q2-update.win32_2.0.0.202105311346/tools/bin/../lib/gcc/arm-none-eabi/9.3.1/../../../../arm-none-eabi/lib/thumb/v7-m/nofp\libc.a
LOAD d:/stm32cubeide_1.7.0/stm32cubeide/plugins/com.st.stm32cube.ide.mcu.externaltools.gnu-tools-for-stm32.9-2020-q2-update.win32_2.0.0.202105311346/tools/bin/../lib/gcc/arm-none-eabi/9.3.1/../../../../arm-none-eabi/lib/thumb/v7-m/nofp\libm.a
LOAD d:/stm32cubeide_1.7.0/stm32cubeide/plugins/com.st.stm32cube.ide.mcu.externaltools.gnu-tools-for-stm32.9-2020-q2-update.win32_2.0.0.202105311346/tools/bin/../lib/gcc/arm-none-eabi/9.3.1/thumb/v7-m/nofp\libgcc.a

.debug_info     0x0000000000000000     0x9bd4
 .debug_info    0x0000000000000000      0x2b7 ./Core/Src/automatic.o
 .debug_info    0x00000000000002b7      0x3fe ./Core/Src/button_array.o
 .debug_info    0x00000000000006b5      0x291 ./Core/Src/global.o
 .debug_info    0x0000000000000946      0xcf5 ./Core/Src/main.o
 .debug_info    0x000000000000163b      0x2eb ./Core/Src/manual.o
 .debug_info    0x0000000000001926      0x3c0 ./Core/Src/seven_segment_led.o
 .debug_info    0x0000000000001ce6      0x238 ./Core/Src/software_timer.o
 .debug_info    0x0000000000001f1e      0xa09 ./Core/Src/stm32f1xx_hal_msp.o
 .debug_info    0x0000000000002927      0x7b9 ./Core/Src/stm32f1xx_it.o
 .debug_info    0x00000000000030e0      0x2be ./Core/Src/system_stm32f1xx.o
 .debug_info    0x000000000000339e      0x3c5 ./Core/Src/traffic_light.o
 .debug_info    0x0000000000003763       0x22 ./Core/Startup/startup_stm32f103c6tx.o
 .debug_info    0x0000000000003785      0x74c ./Drivers/STM32F1xx_HAL_Driver/stm32f1xx_hal.o
 .debug_info    0x0000000000003ed1      0xbbe ./Drivers/STM32F1xx_HAL_Driver/stm32f1xx_hal_cortex.o
 .debug_info    0x0000000000004a8f      0x701 ./Drivers/STM32F1xx_HAL_Driver/stm32f1xx_hal_gpio.o
 .debug_info    0x0000000000005190      0x893 ./Drivers/STM32F1xx_HAL_Driver/stm32f1xx_hal_rcc.o
 .debug_info    0x0000000000005a23     0x2c32 ./Drivers/STM32F1xx_HAL_Driver/stm32f1xx_hal_tim.o
 .debug_info    0x0000000000008655     0x157f ./Drivers/STM32F1xx_HAL_Driver/stm32f1xx_hal_tim_ex.o

.debug_abbrev   0x0000000000000000     0x1d24
 .debug_abbrev  0x0000000000000000       0xdd ./Core/Src/automatic.o
 .debug_abbrev  0x00000000000000dd      0x1ab ./Core/Src/button_array.o
 .debug_abbrev  0x0000000000000288       0xdd ./Core/Src/global.o
 .debug_abbrev  0x0000000000000365      0x273 ./Core/Src/main.o
 .debug_abbrev  0x00000000000005d8       0xdd ./Core/Src/manual.o
 .debug_abbrev  0x00000000000006b5      0x168 ./Core/Src/seven_segment_led.o
 .debug_abbrev  0x000000000000081d      0x111 ./Core/Src/software_timer.o
 .debug_abbrev  0x000000000000092e      0x1b7 ./Core/Src/stm32f1xx_hal_msp.o
 .debug_abbrev  0x0000000000000ae5      0x176 ./Core/Src/stm32f1xx_it.o
 .debug_abbrev  0x0000000000000c5b      0x14e ./Core/Src/system_stm32f1xx.o
 .debug_abbrev  0x0000000000000da9      0x14a ./Core/Src/traffic_light.o
 .debug_abbrev  0x0000000000000ef3       0x12 ./Core/Startup/startup_stm32f103c6tx.o
 .debug_abbrev  0x0000000000000f05      0x1ed ./Drivers/STM32F1xx_HAL_Driver/stm32f1xx_hal.o
 .debug_abbrev  0x00000000000010f2      0x313 ./Drivers/STM32F1xx_HAL_Driver/stm32f1xx_hal_cortex.o
 .debug_abbrev  0x0000000000001405      0x1e8 ./Drivers/STM32F1xx_HAL_Driver/stm32f1xx_hal_gpio.o
 .debug_abbrev  0x00000000000015ed      0x273 ./Drivers/STM32F1xx_HAL_Driver/stm32f1xx_hal_rcc.o
 .debug_abbrev  0x0000000000001860      0x25e ./Drivers/STM32F1xx_HAL_Driver/stm32f1xx_hal_tim.o
 .debug_abbrev  0x0000000000001abe      0x266 ./Drivers/STM32F1xx_HAL_Driver/stm32f1xx_hal_tim_ex.o

.debug_aranges  0x0000000000000000      0xad8
 .debug_aranges
                0x0000000000000000       0x20 ./Core/Src/automatic.o
 .debug_aranges
                0x0000000000000020       0x40 ./Core/Src/button_array.o
 .debug_aranges
                0x0000000000000060       0x20 ./Core/Src/global.o
 .debug_aranges
                0x0000000000000080       0x48 ./Core/Src/main.o
 .debug_aranges
                0x00000000000000c8       0x20 ./Core/Src/manual.o
 .debug_aranges
                0x00000000000000e8       0x50 ./Core/Src/seven_segment_led.o
 .debug_aranges
                0x0000000000000138       0x28 ./Core/Src/software_timer.o
 .debug_aranges
                0x0000000000000160       0x30 ./Core/Src/stm32f1xx_hal_msp.o
 .debug_aranges
                0x0000000000000190       0x68 ./Core/Src/stm32f1xx_it.o
 .debug_aranges
                0x00000000000001f8       0x28 ./Core/Src/system_stm32f1xx.o
 .debug_aranges
                0x0000000000000220       0x90 ./Core/Src/traffic_light.o
 .debug_aranges
                0x00000000000002b0       0x28 ./Core/Startup/startup_stm32f103c6tx.o
 .debug_aranges
                0x00000000000002d8       0xe0 ./Drivers/STM32F1xx_HAL_Driver/stm32f1xx_hal.o
 .debug_aranges
                0x00000000000003b8      0x100 ./Drivers/STM32F1xx_HAL_Driver/stm32f1xx_hal_cortex.o
 .debug_aranges
                0x00000000000004b8       0x58 ./Drivers/STM32F1xx_HAL_Driver/stm32f1xx_hal_gpio.o
 .debug_aranges
                0x0000000000000510       0x90 ./Drivers/STM32F1xx_HAL_Driver/stm32f1xx_hal_rcc.o
 .debug_aranges
                0x00000000000005a0      0x3d0 ./Drivers/STM32F1xx_HAL_Driver/stm32f1xx_hal_tim.o
 .debug_aranges
                0x0000000000000970      0x168 ./Drivers/STM32F1xx_HAL_Driver/stm32f1xx_hal_tim_ex.o

.debug_ranges   0x0000000000000000      0x9c0
 .debug_ranges  0x0000000000000000       0x10 ./Core/Src/automatic.o
 .debug_ranges  0x0000000000000010       0x30 ./Core/Src/button_array.o
 .debug_ranges  0x0000000000000040       0x10 ./Core/Src/global.o
 .debug_ranges  0x0000000000000050       0x38 ./Core/Src/main.o
 .debug_ranges  0x0000000000000088       0x10 ./Core/Src/manual.o
 .debug_ranges  0x0000000000000098       0x40 ./Core/Src/seven_segment_led.o
 .debug_ranges  0x00000000000000d8       0x18 ./Core/Src/software_timer.o
 .debug_ranges  0x00000000000000f0       0x20 ./Core/Src/stm32f1xx_hal_msp.o
 .debug_ranges  0x0000000000000110       0x58 ./Core/Src/stm32f1xx_it.o
 .debug_ranges  0x0000000000000168       0x18 ./Core/Src/system_stm32f1xx.o
 .debug_ranges  0x0000000000000180       0x80 ./Core/Src/traffic_light.o
 .debug_ranges  0x0000000000000200       0x20 ./Core/Startup/startup_stm32f103c6tx.o
 .debug_ranges  0x0000000000000220       0xd0 ./Drivers/STM32F1xx_HAL_Driver/stm32f1xx_hal.o
 .debug_ranges  0x00000000000002f0       0xf0 ./Drivers/STM32F1xx_HAL_Driver/stm32f1xx_hal_cortex.o
 .debug_ranges  0x00000000000003e0       0x48 ./Drivers/STM32F1xx_HAL_Driver/stm32f1xx_hal_gpio.o
 .debug_ranges  0x0000000000000428       0x80 ./Drivers/STM32F1xx_HAL_Driver/stm32f1xx_hal_rcc.o
 .debug_ranges  0x00000000000004a8      0x3c0 ./Drivers/STM32F1xx_HAL_Driver/stm32f1xx_hal_tim.o
 .debug_ranges  0x0000000000000868      0x158 ./Drivers/STM32F1xx_HAL_Driver/stm32f1xx_hal_tim_ex.o

.debug_macro    0x0000000000000000    0x17051
 .debug_macro   0x0000000000000000      0x1e6 ./Core/Src/automatic.o
 .debug_macro   0x00000000000001e6      0xa9c ./Core/Src/automatic.o
 .debug_macro   0x0000000000000c82      0x215 ./Core/Src/automatic.o
 .debug_macro   0x0000000000000e97       0x2e ./Core/Src/automatic.o
 .debug_macro   0x0000000000000ec5       0x22 ./Core/Src/automatic.o
 .debug_macro   0x0000000000000ee7       0x22 ./Core/Src/automatic.o
 .debug_macro   0x0000000000000f09       0x8e ./Core/Src/automatic.o
 .debug_macro   0x0000000000000f97       0x51 ./Core/Src/automatic.o
 .debug_macro   0x0000000000000fe8      0x103 ./Core/Src/automatic.o
 .debug_macro   0x00000000000010eb       0x6a ./Core/Src/automatic.o
 .debug_macro   0x0000000000001155      0x1df ./Core/Src/automatic.o
 .debug_macro   0x0000000000001334       0x1c ./Core/Src/automatic.o
 .debug_macro   0x0000000000001350       0x22 ./Core/Src/automatic.o
 .debug_macro   0x0000000000001372       0xc3 ./Core/Src/automatic.o
 .debug_macro   0x0000000000001435      0xd23 ./Core/Src/automatic.o
 .debug_macro   0x0000000000002158     0xde75 ./Core/Src/automatic.o
 .debug_macro   0x000000000000ffcd       0x6d ./Core/Src/automatic.o
 .debug_macro   0x000000000001003a     0x34a2 ./Core/Src/automatic.o
 .debug_macro   0x00000000000134dc      0x174 ./Core/Src/automatic.o
 .debug_macro   0x0000000000013650       0x5c ./Core/Src/automatic.o
 .debug_macro   0x00000000000136ac      0x5bc ./Core/Src/automatic.o
 .debug_macro   0x0000000000013c68      0x1b7 ./Core/Src/automatic.o
 .debug_macro   0x0000000000013e1f      0x1cb ./Core/Src/automatic.o
 .debug_macro   0x0000000000013fea      0x114 ./Core/Src/automatic.o
 .debug_macro   0x00000000000140fe      0x1b2 ./Core/Src/automatic.o
 .debug_macro   0x00000000000142b0       0x27 ./Core/Src/automatic.o
 .debug_macro   0x00000000000142d7      0x12f ./Core/Src/automatic.o
 .debug_macro   0x0000000000014406      0x1bc ./Core/Src/automatic.o
 .debug_macro   0x00000000000145c2       0x34 ./Core/Src/automatic.o
 .debug_macro   0x00000000000145f6       0x3c ./Core/Src/automatic.o
 .debug_macro   0x0000000000014632       0x57 ./Core/Src/automatic.o
 .debug_macro   0x0000000000014689       0x87 ./Core/Src/automatic.o
 .debug_macro   0x0000000000014710      0x183 ./Core/Src/automatic.o
 .debug_macro   0x0000000000014893      0x140 ./Core/Src/automatic.o
 .debug_macro   0x00000000000149d3      0x8ed ./Core/Src/automatic.o
 .debug_macro   0x00000000000152c0       0x69 ./Core/Src/automatic.o
 .debug_macro   0x0000000000015329      0x100 ./Core/Src/automatic.o
 .debug_macro   0x0000000000015429       0x1c ./Core/Src/automatic.o
 .debug_macro   0x0000000000015445       0x40 ./Core/Src/automatic.o
 .debug_macro   0x0000000000015485      0x1b5 ./Core/Src/button_array.o
 .debug_macro   0x000000000001563a       0x16 ./Core/Src/button_array.o
 .debug_macro   0x0000000000015650      0x1dc ./Core/Src/global.o
 .debug_macro   0x000000000001582c      0x20c ./Core/Src/main.o
 .debug_macro   0x0000000000015a38      0x1e6 ./Core/Src/manual.o
 .debug_macro   0x0000000000015c1e      0x1ba ./Core/Src/seven_segment_led.o
 .debug_macro   0x0000000000015dd8      0x1b0 ./Core/Src/software_timer.o
 .debug_macro   0x0000000000015f88      0x1a6 ./Core/Src/stm32f1xx_hal_msp.o
 .debug_macro   0x000000000001612e      0x1b0 ./Core/Src/stm32f1xx_it.o
 .debug_macro   0x00000000000162de      0x197 ./Core/Src/system_stm32f1xx.o
 .debug_macro   0x0000000000016475      0x1b0 ./Core/Src/traffic_light.o
 .debug_macro   0x0000000000016625      0x1bb ./Drivers/STM32F1xx_HAL_Driver/stm32f1xx_hal.o
 .debug_macro   0x00000000000167e0      0x197 ./Drivers/STM32F1xx_HAL_Driver/stm32f1xx_hal_cortex.o
 .debug_macro   0x0000000000016977      0x202 ./Drivers/STM32F1xx_HAL_Driver/stm32f1xx_hal_gpio.o
 .debug_macro   0x0000000000016b79      0x1a9 ./Drivers/STM32F1xx_HAL_Driver/stm32f1xx_hal_rcc.o
 .debug_macro   0x0000000000016d22      0x198 ./Drivers/STM32F1xx_HAL_Driver/stm32f1xx_hal_tim.o
 .debug_macro   0x0000000000016eba      0x197 ./Drivers/STM32F1xx_HAL_Driver/stm32f1xx_hal_tim_ex.o

.debug_line     0x0000000000000000     0xd751
 .debug_line    0x0000000000000000      0x89a ./Core/Src/automatic.o
 .debug_line    0x000000000000089a      0x8a5 ./Core/Src/button_array.o
 .debug_line    0x000000000000113f      0x7c3 ./Core/Src/global.o
 .debug_line    0x0000000000001902      0x8f3 ./Core/Src/main.o
 .debug_line    0x00000000000021f5      0x887 ./Core/Src/manual.o
 .debug_line    0x0000000000002a7c      0x84b ./Core/Src/seven_segment_led.o
 .debug_line    0x00000000000032c7      0x787 ./Core/Src/software_timer.o
 .debug_line    0x0000000000003a4e      0x771 ./Core/Src/stm32f1xx_hal_msp.o
 .debug_line    0x00000000000041bf      0x80f ./Core/Src/stm32f1xx_it.o
 .debug_line    0x00000000000049ce      0x7b3 ./Core/Src/system_stm32f1xx.o
 .debug_line    0x0000000000005181      0x8e2 ./Core/Src/traffic_light.o
 .debug_line    0x0000000000005a63       0x86 ./Core/Startup/startup_stm32f103c6tx.o
 .debug_line    0x0000000000005ae9      0xa17 ./Drivers/STM32F1xx_HAL_Driver/stm32f1xx_hal.o
 .debug_line    0x0000000000006500      0xbff ./Drivers/STM32F1xx_HAL_Driver/stm32f1xx_hal_cortex.o
 .debug_line    0x00000000000070ff      0xa9a ./Drivers/STM32F1xx_HAL_Driver/stm32f1xx_hal_gpio.o
 .debug_line    0x0000000000007b99      0xe23 ./Drivers/STM32F1xx_HAL_Driver/stm32f1xx_hal_rcc.o
 .debug_line    0x00000000000089bc     0x3468 ./Drivers/STM32F1xx_HAL_Driver/stm32f1xx_hal_tim.o
 .debug_line    0x000000000000be24     0x192d ./Drivers/STM32F1xx_HAL_Driver/stm32f1xx_hal_tim_ex.o

.debug_str      0x0000000000000000    0x82676
 .debug_str     0x0000000000000000    0x7f91b ./Core/Src/automatic.o
                                      0x7fc50 (size before relaxing)
 .debug_str     0x000000000007f91b       0x93 ./Core/Src/button_array.o
                                      0x7fb97 (size before relaxing)
 .debug_str     0x000000000007f9ae       0x21 ./Core/Src/global.o
                                      0x7fc23 (size before relaxing)
 .debug_str     0x000000000007f9cf      0x730 ./Core/Src/main.o
                                      0x8043e (size before relaxing)
 .debug_str     0x00000000000800ff       0x20 ./Core/Src/manual.o
                                      0x7fc56 (size before relaxing)
 .debug_str     0x000000000008011f       0x92 ./Core/Src/seven_segment_led.o
                                      0x7fb8a (size before relaxing)
 .debug_str     0x00000000000801b1       0x2f ./Core/Src/software_timer.o
                                      0x7fac3 (size before relaxing)
 .debug_str     0x00000000000801e0      0x2ba ./Core/Src/stm32f1xx_hal_msp.o
                                      0x8026f (size before relaxing)
 .debug_str     0x000000000008049a       0xcd ./Core/Src/stm32f1xx_it.o
                                      0x7ffd1 (size before relaxing)
 .debug_str     0x0000000000080567       0x52 ./Core/Src/system_stm32f1xx.o
                                      0x7f769 (size before relaxing)
 .debug_str     0x00000000000805b9       0xfa ./Core/Src/traffic_light.o
                                      0x7fbde (size before relaxing)
 .debug_str     0x00000000000806b3       0x36 ./Core/Startup/startup_stm32f103c6tx.o
                                         0x5d (size before relaxing)
 .debug_str     0x00000000000806e9      0x33b ./Drivers/STM32F1xx_HAL_Driver/stm32f1xx_hal.o
                                      0x7fdf7 (size before relaxing)
 .debug_str     0x0000000000080a24      0x337 ./Drivers/STM32F1xx_HAL_Driver/stm32f1xx_hal_cortex.o
                                      0x7fdff (size before relaxing)
 .debug_str     0x0000000000080d5b      0x35b ./Drivers/STM32F1xx_HAL_Driver/stm32f1xx_hal_gpio.o
                                      0x7fb64 (size before relaxing)
 .debug_str     0x00000000000810b6      0x286 ./Drivers/STM32F1xx_HAL_Driver/stm32f1xx_hal_rcc.o
                                      0x7fb9d (size before relaxing)
 .debug_str     0x000000000008133c      0xe15 ./Drivers/STM32F1xx_HAL_Driver/stm32f1xx_hal_tim.o
                                      0x80b86 (size before relaxing)
 .debug_str     0x0000000000082151      0x525 ./Drivers/STM32F1xx_HAL_Driver/stm32f1xx_hal_tim_ex.o
                                      0x80327 (size before relaxing)

.comment        0x0000000000000000       0x53
 .comment       0x0000000000000000       0x53 ./Core/Src/automatic.o
                                         0x54 (size before relaxing)
 .comment       0x0000000000000053       0x54 ./Core/Src/button_array.o
 .comment       0x0000000000000053       0x54 ./Core/Src/global.o
 .comment       0x0000000000000053       0x54 ./Core/Src/main.o
 .comment       0x0000000000000053       0x54 ./Core/Src/manual.o
 .comment       0x0000000000000053       0x54 ./Core/Src/seven_segment_led.o
 .comment       0x0000000000000053       0x54 ./Core/Src/software_timer.o
 .comment       0x0000000000000053       0x54 ./Core/Src/stm32f1xx_hal_msp.o
 .comment       0x0000000000000053       0x54 ./Core/Src/stm32f1xx_it.o
 .comment       0x0000000000000053       0x54 ./Core/Src/system_stm32f1xx.o
 .comment       0x0000000000000053       0x54 ./Core/Src/traffic_light.o
 .comment       0x0000000000000053       0x54 ./Drivers/STM32F1xx_HAL_Driver/stm32f1xx_hal.o
 .comment       0x0000000000000053       0x54 ./Drivers/STM32F1xx_HAL_Driver/stm32f1xx_hal_cortex.o
 .comment       0x0000000000000053       0x54 ./Drivers/STM32F1xx_HAL_Driver/stm32f1xx_hal_gpio.o
 .comment       0x0000000000000053       0x54 ./Drivers/STM32F1xx_HAL_Driver/stm32f1xx_hal_rcc.o
 .comment       0x0000000000000053       0x54 ./Drivers/STM32F1xx_HAL_Driver/stm32f1xx_hal_tim.o
 .comment       0x0000000000000053       0x54 ./Drivers/STM32F1xx_HAL_Driver/stm32f1xx_hal_tim_ex.o

.debug_frame    0x0000000000000000     0x2a70
 .debug_frame   0x0000000000000000       0x2c ./Core/Src/automatic.o
 .debug_frame   0x000000000000002c       0xd4 ./Core/Src/button_array.o
 .debug_frame   0x0000000000000100       0x2c ./Core/Src/global.o
 .debug_frame   0x000000000000012c       0xd4 ./Core/Src/main.o
 .debug_frame   0x0000000000000200       0x2c ./Core/Src/manual.o
 .debug_frame   0x000000000000022c      0x110 ./Core/Src/seven_segment_led.o
 .debug_frame   0x000000000000033c       0x60 ./Core/Src/software_timer.o
 .debug_frame   0x000000000000039c       0x80 ./Core/Src/stm32f1xx_hal_msp.o
 .debug_frame   0x000000000000041c      0x120 ./Core/Src/stm32f1xx_it.o
 .debug_frame   0x000000000000053c       0x58 ./Core/Src/system_stm32f1xx.o
 .debug_frame   0x0000000000000594      0x1e4 ./Core/Src/traffic_light.o
 .debug_frame   0x0000000000000778      0x334 ./Drivers/STM32F1xx_HAL_Driver/stm32f1xx_hal.o
 .debug_frame   0x0000000000000aac      0x428 ./Drivers/STM32F1xx_HAL_Driver/stm32f1xx_hal_cortex.o
 .debug_frame   0x0000000000000ed4      0x14c ./Drivers/STM32F1xx_HAL_Driver/stm32f1xx_hal_gpio.o
 .debug_frame   0x0000000000001020      0x218 ./Drivers/STM32F1xx_HAL_Driver/stm32f1xx_hal_rcc.o
 .debug_frame   0x0000000000001238     0x11b4 ./Drivers/STM32F1xx_HAL_Driver/stm32f1xx_hal_tim.o
 .debug_frame   0x00000000000023ec      0x638 ./Drivers/STM32F1xx_HAL_Driver/stm32f1xx_hal_tim_ex.o
 .debug_frame   0x0000000000002a24       0x2c d:/stm32cubeide_1.7.0/stm32cubeide/plugins/com.st.stm32cube.ide.mcu.externaltools.gnu-tools-for-stm32.9-2020-q2-update.win32_2.0.0.202105311346/tools/bin/../lib/gcc/arm-none-eabi/9.3.1/../../../../arm-none-eabi/lib/thumb/v7-m/nofp\libc_nano.a(lib_a-init.o)
 .debug_frame   0x0000000000002a50       0x20 d:/stm32cubeide_1.7.0/stm32cubeide/plugins/com.st.stm32cube.ide.mcu.externaltools.gnu-tools-for-stm32.9-2020-q2-update.win32_2.0.0.202105311346/tools/bin/../lib/gcc/arm-none-eabi/9.3.1/../../../../arm-none-eabi/lib/thumb/v7-m/nofp\libc_nano.a(lib_a-memset.o)
