Archive member included to satisfy reference by file (symbol)

d:/stm32cubeide_1.7.0/stm32cubeide/plugins/com.st.stm32cube.ide.mcu.externaltools.gnu-tools-for-stm32.9-2020-q2-update.win32_2.0.0.202105311346/tools/bin/../lib/gcc/arm-none-eabi/9.3.1/../../../../arm-none-eabi/lib/thumb/v7-m/nofp\libc_nano.a(lib_a-errno.o)
                              ./Core/Src/syscalls.o (__errno)
d:/stm32cubeide_1.7.0/stm32cubeide/plugins/com.st.stm32cube.ide.mcu.externaltools.gnu-tools-for-stm32.9-2020-q2-update.win32_2.0.0.202105311346/tools/bin/../lib/gcc/arm-none-eabi/9.3.1/../../../../arm-none-eabi/lib/thumb/v7-m/nofp\libc_nano.a(lib_a-exit.o)
                              d:/stm32cubeide_1.7.0/stm32cubeide/plugins/com.st.stm32cube.ide.mcu.externaltools.gnu-tools-for-stm32.9-2020-q2-update.win32_2.0.0.202105311346/tools/bin/../lib/gcc/arm-none-eabi/9.3.1/../../../../arm-none-eabi/lib/thumb/v7-m/nofp/crt0.o (exit)
d:/stm32cubeide_1.7.0/stm32cubeide/plugins/com.st.stm32cube.ide.mcu.externaltools.gnu-tools-for-stm32.9-2020-q2-update.win32_2.0.0.202105311346/tools/bin/../lib/gcc/arm-none-eabi/9.3.1/../../../../arm-none-eabi/lib/thumb/v7-m/nofp\libc_nano.a(lib_a-impure.o)
                              d:/stm32cubeide_1.7.0/stm32cubeide/plugins/com.st.stm32cube.ide.mcu.externaltools.gnu-tools-for-stm32.9-2020-q2-update.win32_2.0.0.202105311346/tools/bin/../lib/gcc/arm-none-eabi/9.3.1/../../../../arm-none-eabi/lib/thumb/v7-m/nofp\libc_nano.a(lib_a-exit.o) (_global_impure_ptr)
d:/stm32cubeide_1.7.0/stm32cubeide/plugins/com.st.stm32cube.ide.mcu.externaltools.gnu-tools-for-stm32.9-2020-q2-update.win32_2.0.0.202105311346/tools/bin/../lib/gcc/arm-none-eabi/9.3.1/../../../../arm-none-eabi/lib/thumb/v7-m/nofp\libc_nano.a(lib_a-init.o)
                              d:/stm32cubeide_1.7.0/stm32cubeide/plugins/com.st.stm32cube.ide.mcu.externaltools.gnu-tools-for-stm32.9-2020-q2-update.win32_2.0.0.202105311346/tools/bin/../lib/gcc/arm-none-eabi/9.3.1/../../../../arm-none-eabi/lib/thumb/v7-m/nofp/crt0.o (__libc_init_array)
d:/stm32cubeide_1.7.0/stm32cubeide/plugins/com.st.stm32cube.ide.mcu.externaltools.gnu-tools-for-stm32.9-2020-q2-update.win32_2.0.0.202105311346/tools/bin/../lib/gcc/arm-none-eabi/9.3.1/../../../../arm-none-eabi/lib/thumb/v7-m/nofp\libc_nano.a(lib_a-memset.o)
                              d:/stm32cubeide_1.7.0/stm32cubeide/plugins/com.st.stm32cube.ide.mcu.externaltools.gnu-tools-for-stm32.9-2020-q2-update.win32_2.0.0.202105311346/tools/bin/../lib/gcc/arm-none-eabi/9.3.1/../../../../arm-none-eabi/lib/thumb/v7-m/nofp/crt0.o (memset)

Allocating common symbols
Common symbol       size              file

KeyReg3             0x28              ./Core/Src/button_array.o
timer_counter       0x28              ./Core/Src/main.o
KeyReg0             0x28              ./Core/Src/button_array.o
uwTick              0x4               ./Drivers/STM32F1xx_HAL_Driver/stm32f1xx_hal.o
pFlash              0x20              ./Drivers/STM32F1xx_HAL_Driver/stm32f1xx_hal_flash.o
KeyReg1             0x28              ./Core/Src/button_array.o
TimeOutForKeyPress  0x28              ./Core/Src/button_array.o
button_flag         0x28              ./Core/Src/button_array.o
button_pressed      0x28              ./Core/Src/button_array.o
KeyReg2             0x28              ./Core/Src/button_array.o
timer_flag          0x28              ./Core/Src/main.o
htim2               0x48              ./Core/Src/main.o
button_long_pressed
                    0x28              ./Core/Src/button_array.o

Discarded input sections

 .text          0x0000000000000000        0x0 d:/stm32cubeide_1.7.0/stm32cubeide/plugins/com.st.stm32cube.ide.mcu.externaltools.gnu-tools-for-stm32.9-2020-q2-update.win32_2.0.0.202105311346/tools/bin/../lib/gcc/arm-none-eabi/9.3.1/thumb/v7-m/nofp/crti.o
 .data          0x0000000000000000        0x0 d:/stm32cubeide_1.7.0/stm32cubeide/plugins/com.st.stm32cube.ide.mcu.externaltools.gnu-tools-for-stm32.9-2020-q2-update.win32_2.0.0.202105311346/tools/bin/../lib/gcc/arm-none-eabi/9.3.1/thumb/v7-m/nofp/crti.o
 .bss           0x0000000000000000        0x0 d:/stm32cubeide_1.7.0/stm32cubeide/plugins/com.st.stm32cube.ide.mcu.externaltools.gnu-tools-for-stm32.9-2020-q2-update.win32_2.0.0.202105311346/tools/bin/../lib/gcc/arm-none-eabi/9.3.1/thumb/v7-m/nofp/crti.o
 .data          0x0000000000000000        0x4 d:/stm32cubeide_1.7.0/stm32cubeide/plugins/com.st.stm32cube.ide.mcu.externaltools.gnu-tools-for-stm32.9-2020-q2-update.win32_2.0.0.202105311346/tools/bin/../lib/gcc/arm-none-eabi/9.3.1/thumb/v7-m/nofp/crtbegin.o
 .text          0x0000000000000000       0x7c d:/stm32cubeide_1.7.0/stm32cubeide/plugins/com.st.stm32cube.ide.mcu.externaltools.gnu-tools-for-stm32.9-2020-q2-update.win32_2.0.0.202105311346/tools/bin/../lib/gcc/arm-none-eabi/9.3.1/../../../../arm-none-eabi/lib/thumb/v7-m/nofp/crt0.o
[...]
Memory Configuration

Name             Origin             Length             Attributes
RAM              0x0000000020000000 0x0000000000002800 xrw
FLASH            0x0000000008000000 0x0000000000008000 xr
*default*        0x0000000000000000 0xffffffffffffffff

Linker script and memory map

LOAD d:/stm32cubeide_1.7.0/stm32cubeide/plugins/com.st.stm32cube.ide.mcu.externaltools.gnu-tools-for-stm32.9-2020-q2-update.win32_2.0.0.202105311346/tools/bin/../lib/gcc/arm-none-eabi/9.3.1/thumb/v7-m/nofp/crti.o
LOAD d:/stm32cubeide_1.7.0/stm32cubeide/plugins/com.st.stm32cube.ide.mcu.externaltools.gnu-tools-for-stm32.9-2020-q2-update.win32_2.0.0.202105311346/tools/bin/../lib/gcc/arm-none-eabi/9.3.1/thumb/v7-m/nofp/crtbegin.o
LOAD d:/stm32cubeide_1.7.0/stm32cubeide/plugins/com.st.stm32cube.ide.mcu.externaltools.gnu-tools-for-stm32.9-2020-q2-update.win32_2.0.0.202105311346/tools/bin/../lib/gcc/arm-none-eabi/9.3.1/../../../../arm-none-eabi/lib/thumb/v7-m/nofp/crt0.o
LOAD ./Core/Src/button.o
LOAD ./Core/Src/button_array.o
LOAD ./Core/Src/main.o
LOAD ./Core/Src/seven_segment_led.o
LOAD ./Core/Src/software_timer.o
LOAD ./Core/Src/stm32f1xx_hal_msp.o
LOAD ./Core/Src/stm32f1xx_it.o
LOAD ./Core/Src/syscalls.o
LOAD ./Core/Src/sysmem.o
LOAD ./Core/Src/system_stm32f1xx.o
LOAD ./Core/Src/traffic_light.o
LOAD ./Core/Startup/startup_stm32f103c6tx.o
LOAD ./Drivers/STM32F1xx_HAL_Driver/stm32f1xx_hal.o
LOAD ./Drivers/STM32F1xx_HAL_Driver/stm32f1xx_hal_cortex.o
LOAD ./Drivers/STM32F1xx_HAL_Driver/stm32f1xx_hal_dma.o
LOAD ./Drivers/STM32F1xx_HAL_Driver/stm32f1xx_hal_exti.o
LOAD ./Drivers/STM32F1xx_HAL_Driver/stm32f1xx_hal_flash.o
LOAD ./Drivers/STM32F1xx_HAL_Driver/stm32f1xx_hal_flash_ex.o
LOAD ./Drivers/STM32F1xx_HAL_Driver/stm32f1xx_hal_gpio.o
LOAD ./Drivers/STM32F1xx_HAL_Driver/stm32f1xx_hal_gpio_ex.o
LOAD ./Drivers/STM32F1xx_HAL_Driver/stm32f1xx_hal_pwr.o
LOAD ./Drivers/STM32F1xx_HAL_Driver/stm32f1xx_hal_rcc.o
LOAD ./Drivers/STM32F1xx_HAL_Driver/stm32f1xx_hal_rcc_ex.o
LOAD ./Drivers/STM32F1xx_HAL_Driver/stm32f1xx_hal_tim.o
LOAD ./Drivers/STM32F1xx_HAL_Driver/stm32f1xx_hal_tim_ex.o
START GROUP
LOAD d:/stm32cubeide_1.7.0/stm32cubeide/plugins/com.st.stm32cube.ide.mcu.externaltools.gnu-tools-for-stm32.9-2020-q2-update.win32_2.0.0.202105311346/tools/bin/../lib/gcc/arm-none-eabi/9.3.1/../../../../arm-none-eabi/lib/thumb/v7-m/nofp\libc_nano.a
LOAD d:/stm32cubeide_1.7.0/stm32cubeide/plugins/com.st.stm32cube.ide.mcu.externaltools.gnu-tools-for-stm32.9-2020-q2-update.win32_2.0.0.202105311346/tools/bin/../lib/gcc/arm-none-eabi/9.3.1/../../../../arm-none-eabi/lib/thumb/v7-m/nofp\libm.a
END GROUP
START GROUP
LOAD d:/stm32cubeide_1.7.0/stm32cubeide/plugins/com.st.stm32cube.ide.mcu.externaltools.gnu-tools-for-stm32.9-2020-q2-update.win32_2.0.0.202105311346/tools/bin/../lib/gcc/arm-none-eabi/9.3.1/thumb/v7-m/nofp\libgcc.a
LOAD d:/stm32cubeide_1.7.0/stm32cubeide/plugins/com.st.stm32cube.ide.mcu.externaltools.gnu-tools-for-stm32.9-2020-q2-update.win32_2.0.0.202105311346/tools/bin/../lib/gcc/arm-none-eabi/9.3.1/../../../../arm-none-eabi/lib/thumb/v7-m/nofp\libc_nano.a
END GROUP
START GROUP
LOAD d:/stm32cubeide_1.7.0/stm32cubeide/plugins/com.st.stm32cube.ide.mcu.externaltools.gnu-tools-for-stm32.9-2020-q2-update.win32_2.0.0.202105311346/tools/bin/../lib/gcc/arm-none-eabi/9.3.1/thumb/v7-m/nofp\libgcc.a
LOAD d:/stm32cubeide_1.7.0/stm32cubeide/plugins/com.st.stm32cube.ide.mcu.externaltools.gnu-tools-for-stm32.9-2020-q2-update.win32_2.0.0.202105311346/tools/bin/../lib/gcc/arm-none-eabi/9.3.1/../../../../arm-none-eabi/lib/thumb/v7-m/nofp\libc_nano.a
LOAD d:/stm32cubeide_1.7.0/stm32cubeide/plugins/com.st.stm32cube.ide.mcu.externaltools.gnu-tools-for-stm32.9-2020-q2-update.win32_2.0.0.202105311346/tools/bin/../lib/gcc/arm-none-eabi/9.3.1/../../../../arm-none-eabi/lib/thumb/v7-m/nofp\libnosys.a
END GROUP
START GROUP
LOAD d:/stm32cubeide_1.7.0/stm32cubeide/plugins/com.st.stm32cube.ide.mcu.externaltools.gnu-tools-for-stm32.9-2020-q2-update.win32_2.0.0.202105311346/tools/bin/../lib/gcc/arm-none-eabi/9.3.1/thumb/v7-m/nofp\libgcc.a
LOAD d:/stm32cubeide_1.7.0/stm32cubeide/plugins/com.st.stm32cube.ide.mcu.externaltools.gnu-tools-for-stm32.9-2020-q2-update.win32_2.0.0.202105311346/tools/bin/../lib/gcc/arm-none-eabi/9.3.1/../../../../arm-none-eabi/lib/thumb/v7-m/nofp\libc_nano.a
LOAD d:/stm32cubeide_1.7.0/stm32cubeide/plugins/com.st.stm32cube.ide.mcu.externaltools.gnu-tools-for-stm32.9-2020-q2-update.win32_2.0.0.202105311346/tools/bin/../lib/gcc/arm-none-eabi/9.3.1/../../../../arm-none-eabi/lib/thumb/v7-m/nofp\libnosys.a
END GROUP
LOAD d:/stm32cubeide_1.7.0/stm32cubeide/plugins/com.st.stm32cube.ide.mcu.externaltools.gnu-tools-for-stm32.9-2020-q2-update.win32_2.0.0.202105311346/tools/bin/../lib/gcc/arm-none-eabi/9.3.1/thumb/v7-m/nofp/crtend.o
LOAD d:/stm32cubeide_1.7.0/stm32cubeide/plugins/com.st.stm32cube.ide.mcu.externaltools.gnu-tools-for-stm32.9-2020-q2-update.win32_2.0.0.202105311346/tools/bin/../lib/gcc/arm-none-eabi/9.3.1/thumb/v7-m/nofp/crtn.o
                0x0000000020002800                _estack = (ORIGIN (RAM) + LENGTH (RAM))
                0x0000000000000200                _Min_Heap_Size = 0x200
                0x0000000000000400                _Min_Stack_Size = 0x400

.isr_vector     0x0000000008000000      0x10c
                0x0000000008000000                . = ALIGN (0x4)
 *(.isr_vector)
 .isr_vector    0x0000000008000000      0x10c ./Core/Startup/startup_stm32f103c6tx.o
                0x0000000008000000                g_pfnVectors
                0x000000000800010c                . = ALIGN (0x4)

.text           0x000000000800010c     0x1c20
                0x000000000800010c                . = ALIGN (0x4)
 *(.text)
 .text          0x000000000800010c       0x40 d:/stm32cubeide_1.7.0/stm32cubeide/plugins/com.st.stm32cube.ide.mcu.externaltools.gnu-tools-for-stm32.9-2020-q2-update.win32_2.0.0.202105311346/tools/bin/../lib/gcc/arm-none-eabi/9.3.1/thumb/v7-m/nofp/crtbegin.o
 *(.text*)
 .text.initButtons
                0x000000000800014c       0x98 ./Core/Src/button_array.o
                0x000000000800014c                initButtons
 .text.getKeyInput
                0x00000000080001e4      0x150 ./Core/Src/button_array.o
                0x00000000080001e4                getKeyInput
 .text.main     0x0000000008000334       0x24 ./Core/Src/main.o
                0x0000000008000334                main
 .text.SystemClock_Config
                0x0000000008000358       0x76 ./Core/Src/main.o
                0x0000000008000358                SystemClock_Config
 *fill*         0x00000000080003ce        0x2 
 .text.MX_TIM2_Init
                0x00000000080003d0       0x98 ./Core/Src/main.o
 .text.MX_GPIO_Init
                0x0000000008000468       0xc4 ./Core/Src/main.o
 .text.HAL_TIM_PeriodElapsedCallback
                0x000000000800052c       0x18 ./Core/Src/main.o
                0x000000000800052c                HAL_TIM_PeriodElapsedCallback
 .text.Error_Handler
                0x0000000008000544        0xa ./Core/Src/main.o
                0x0000000008000544                Error_Handler
 *fill*         0x000000000800054e        0x2 
 .text.timerRun
                0x0000000008000550       0x60 ./Core/Src/software_timer.o
                0x0000000008000550                timerRun
 .text.HAL_MspInit
                0x00000000080005b0       0x64 ./Core/Src/stm32f1xx_hal_msp.o
                0x00000000080005b0                HAL_MspInit
 .text.HAL_TIM_Base_MspInit
                0x0000000008000614       0x48 ./Core/Src/stm32f1xx_hal_msp.o
                0x0000000008000614                HAL_TIM_Base_MspInit
 .text.NMI_Handler
                0x000000000800065c        0x6 ./Core/Src/stm32f1xx_it.o
                0x000000000800065c                NMI_Handler
 .text.HardFault_Handler
                0x0000000008000662        0x6 ./Core/Src/stm32f1xx_it.o
                0x0000000008000662                HardFault_Handler
 .text.MemManage_Handler
                0x0000000008000668        0x6 ./Core/Src/stm32f1xx_it.o
                0x0000000008000668                MemManage_Handler
 .text.BusFault_Handler
                0x000000000800066e        0x6 ./Core/Src/stm32f1xx_it.o
                0x000000000800066e                BusFault_Handler
 .text.UsageFault_Handler
                0x0000000008000674        0x6 ./Core/Src/stm32f1xx_it.o
                0x0000000008000674                UsageFault_Handler
 .text.SVC_Handler
                0x000000000800067a        0xc ./Core/Src/stm32f1xx_it.o
                0x000000000800067a                SVC_Handler
 .text.DebugMon_Handler
                0x0000000008000686        0xc ./Core/Src/stm32f1xx_it.o
                0x0000000008000686                DebugMon_Handler
 .text.PendSV_Handler
                0x0000000008000692        0xc ./Core/Src/stm32f1xx_it.o
                0x0000000008000692                PendSV_Handler
 .text.SysTick_Handler
                0x000000000800069e        0xc ./Core/Src/stm32f1xx_it.o
                0x000000000800069e                SysTick_Handler
 *fill*         0x00000000080006aa        0x2 
 .text.TIM2_IRQHandler
                0x00000000080006ac       0x14 ./Core/Src/stm32f1xx_it.o
                0x00000000080006ac                TIM2_IRQHandler
 .text.SystemInit
                0x00000000080006c0        0xc ./Core/Src/system_stm32f1xx.o
                0x00000000080006c0                SystemInit
 .text.Reset_Handler
                0x00000000080006cc       0x48 ./Core/Startup/startup_stm32f103c6tx.o
                0x00000000080006cc                Reset_Handler
 .text.Default_Handler
                0x0000000008000714        0x2 ./Core/Startup/startup_stm32f103c6tx.o
                0x0000000008000714                RTC_Alarm_IRQHandler
                0x0000000008000714                EXTI2_IRQHandler
                0x0000000008000714                TIM1_CC_IRQHandler
                0x0000000008000714                PVD_IRQHandler
                0x0000000008000714                EXTI3_IRQHandler
                0x0000000008000714                EXTI0_IRQHandler
                0x0000000008000714                ADC1_2_IRQHandler
                0x0000000008000714                SPI1_IRQHandler
                0x0000000008000714                TAMPER_IRQHandler
                0x0000000008000714                DMA1_Channel4_IRQHandler
                0x0000000008000714                RTC_IRQHandler
                0x0000000008000714                DMA1_Channel7_IRQHandler
                0x0000000008000714                CAN1_RX1_IRQHandler
                0x0000000008000714                I2C1_EV_IRQHandler
                0x0000000008000714                DMA1_Channel6_IRQHandler
                0x0000000008000714                TIM3_IRQHandler
                0x0000000008000714                RCC_IRQHandler
                0x0000000008000714                TIM1_TRG_COM_IRQHandler
                0x0000000008000714                DMA1_Channel1_IRQHandler
                0x0000000008000714                Default_Handler
                0x0000000008000714                EXTI15_10_IRQHandler
                0x0000000008000714                EXTI9_5_IRQHandler
                0x0000000008000714                DMA1_Channel5_IRQHandler
                0x0000000008000714                EXTI4_IRQHandler
                0x0000000008000714                USB_LP_CAN1_RX0_IRQHandler
                0x0000000008000714                USB_HP_CAN1_TX_IRQHandler
                0x0000000008000714                DMA1_Channel3_IRQHandler
                0x0000000008000714                TIM1_UP_IRQHandler
                0x0000000008000714                WWDG_IRQHandler
                0x0000000008000714                TIM1_BRK_IRQHandler
                0x0000000008000714                EXTI1_IRQHandler
                0x0000000008000714                USART2_IRQHandler
                0x0000000008000714                DMA1_Channel2_IRQHandler
                0x0000000008000714                CAN1_SCE_IRQHandler
                0x0000000008000714                FLASH_IRQHandler
                0x0000000008000714                USART1_IRQHandler
                0x0000000008000714                I2C1_ER_IRQHandler
                0x0000000008000714                USBWakeUp_IRQHandler
 *fill*         0x0000000008000716        0x2 
 .text.HAL_Init
                0x0000000008000718       0x2c ./Drivers/STM32F1xx_HAL_Driver/stm32f1xx_hal.o
                0x0000000008000718                HAL_Init
 .text.HAL_InitTick
                0x0000000008000744       0x60 ./Drivers/STM32F1xx_HAL_Driver/stm32f1xx_hal.o
                0x0000000008000744                HAL_InitTick
 .text.HAL_IncTick
                0x00000000080007a4       0x24 ./Drivers/STM32F1xx_HAL_Driver/stm32f1xx_hal.o
                0x00000000080007a4                HAL_IncTick
 .text.HAL_GetTick
                0x00000000080007c8       0x14 ./Drivers/STM32F1xx_HAL_Driver/stm32f1xx_hal.o
                0x00000000080007c8                HAL_GetTick
 .text.__NVIC_SetPriorityGrouping
                0x00000000080007dc       0x48 ./Drivers/STM32F1xx_HAL_Driver/stm32f1xx_hal_cortex.o
 .text.__NVIC_GetPriorityGrouping
                0x0000000008000824       0x1c ./Drivers/STM32F1xx_HAL_Driver/stm32f1xx_hal_cortex.o
 .text.__NVIC_EnableIRQ
                0x0000000008000840       0x38 ./Drivers/STM32F1xx_HAL_Driver/stm32f1xx_hal_cortex.o
 .text.__NVIC_SetPriority
                0x0000000008000878       0x54 ./Drivers/STM32F1xx_HAL_Driver/stm32f1xx_hal_cortex.o
 .text.NVIC_EncodePriority
                0x00000000080008cc       0x64 ./Drivers/STM32F1xx_HAL_Driver/stm32f1xx_hal_cortex.o
 .text.SysTick_Config
                0x0000000008000930       0x44 ./Drivers/STM32F1xx_HAL_Driver/stm32f1xx_hal_cortex.o
 .text.HAL_NVIC_SetPriorityGrouping
                0x0000000008000974       0x16 ./Drivers/STM32F1xx_HAL_Driver/stm32f1xx_hal_cortex.o
                0x0000000008000974                HAL_NVIC_SetPriorityGrouping
 .text.HAL_NVIC_SetPriority
                0x000000000800098a       0x38 ./Drivers/STM32F1xx_HAL_Driver/stm32f1xx_hal_cortex.o
                0x000000000800098a                HAL_NVIC_SetPriority
 .text.HAL_NVIC_EnableIRQ
                0x00000000080009c2       0x1c ./Drivers/STM32F1xx_HAL_Driver/stm32f1xx_hal_cortex.o
                0x00000000080009c2                HAL_NVIC_EnableIRQ
 .text.HAL_SYSTICK_Config
                0x00000000080009de       0x18 ./Drivers/STM32F1xx_HAL_Driver/stm32f1xx_hal_cortex.o
                0x00000000080009de                HAL_SYSTICK_Config
 *fill*         0x00000000080009f6        0x2 
 .text.HAL_GPIO_Init
                0x00000000080009f8      0x2f4 ./Drivers/STM32F1xx_HAL_Driver/stm32f1xx_hal_gpio.o
                0x00000000080009f8                HAL_GPIO_Init
 .text.HAL_GPIO_ReadPin
                0x0000000008000cec       0x2e ./Drivers/STM32F1xx_HAL_Driver/stm32f1xx_hal_gpio.o
                0x0000000008000cec                HAL_GPIO_ReadPin
 .text.HAL_GPIO_WritePin
                0x0000000008000d1a       0x30 ./Drivers/STM32F1xx_HAL_Driver/stm32f1xx_hal_gpio.o
                0x0000000008000d1a                HAL_GPIO_WritePin
 *fill*         0x0000000008000d4a        0x2 
 .text.HAL_RCC_OscConfig
                0x0000000008000d4c      0x500 ./Drivers/STM32F1xx_HAL_Driver/stm32f1xx_hal_rcc.o
                0x0000000008000d4c                HAL_RCC_OscConfig
 .text.HAL_RCC_ClockConfig
                0x000000000800124c      0x1d4 ./Drivers/STM32F1xx_HAL_Driver/stm32f1xx_hal_rcc.o
                0x000000000800124c                HAL_RCC_ClockConfig
 .text.HAL_RCC_GetSysClockFreq
                0x0000000008001420       0xa8 ./Drivers/STM32F1xx_HAL_Driver/stm32f1xx_hal_rcc.o
                0x0000000008001420                HAL_RCC_GetSysClockFreq
 .text.RCC_Delay
                0x00000000080014c8       0x3c ./Drivers/STM32F1xx_HAL_Driver/stm32f1xx_hal_rcc.o
 .text.HAL_TIM_Base_Init
                0x0000000008001504       0x9e ./Drivers/STM32F1xx_HAL_Driver/stm32f1xx_hal_tim.o
                0x0000000008001504                HAL_TIM_Base_Init
 *fill*         0x00000000080015a2        0x2 
 .text.HAL_TIM_Base_Start_IT
                0x00000000080015a4       0x98 ./Drivers/STM32F1xx_HAL_Driver/stm32f1xx_hal_tim.o
                0x00000000080015a4                HAL_TIM_Base_Start_IT
 .text.HAL_TIM_IRQHandler
                0x000000000800163c      0x1e0 ./Drivers/STM32F1xx_HAL_Driver/stm32f1xx_hal_tim.o
                0x000000000800163c                HAL_TIM_IRQHandler
 .text.HAL_TIM_ConfigClockSource
                0x000000000800181c      0x18e ./Drivers/STM32F1xx_HAL_Driver/stm32f1xx_hal_tim.o
                0x000000000800181c                HAL_TIM_ConfigClockSource
 .text.HAL_TIM_OC_DelayElapsedCallback
                0x00000000080019aa       0x12 ./Drivers/STM32F1xx_HAL_Driver/stm32f1xx_hal_tim.o
                0x00000000080019aa                HAL_TIM_OC_DelayElapsedCallback
 .text.HAL_TIM_IC_CaptureCallback
                0x00000000080019bc       0x12 ./Drivers/STM32F1xx_HAL_Driver/stm32f1xx_hal_tim.o
                0x00000000080019bc                HAL_TIM_IC_CaptureCallback
 .text.HAL_TIM_PWM_PulseFinishedCallback
                0x00000000080019ce       0x12 ./Drivers/STM32F1xx_HAL_Driver/stm32f1xx_hal_tim.o
                0x00000000080019ce                HAL_TIM_PWM_PulseFinishedCallback
 .text.HAL_TIM_TriggerCallback
                0x00000000080019e0       0x12 ./Drivers/STM32F1xx_HAL_Driver/stm32f1xx_hal_tim.o
                0x00000000080019e0                HAL_TIM_TriggerCallback
 *fill*         0x00000000080019f2        0x2 
 .text.TIM_Base_SetConfig
                0x00000000080019f4       0xc8 ./Drivers/STM32F1xx_HAL_Driver/stm32f1xx_hal_tim.o
                0x00000000080019f4                TIM_Base_SetConfig
 .text.TIM_TI1_ConfigInputStage
                0x0000000008001abc       0x5c ./Drivers/STM32F1xx_HAL_Driver/stm32f1xx_hal_tim.o
 .text.TIM_TI2_ConfigInputStage
                0x0000000008001b18       0x5e ./Drivers/STM32F1xx_HAL_Driver/stm32f1xx_hal_tim.o
 .text.TIM_ITRx_SetConfig
                0x0000000008001b76       0x34 ./Drivers/STM32F1xx_HAL_Driver/stm32f1xx_hal_tim.o
 .text.TIM_ETR_SetConfig
                0x0000000008001baa       0x3e ./Drivers/STM32F1xx_HAL_Driver/stm32f1xx_hal_tim.o
                0x0000000008001baa                TIM_ETR_SetConfig
 .text.HAL_TIMEx_MasterConfigSynchronization
                0x0000000008001be8       0xb0 ./Drivers/STM32F1xx_HAL_Driver/stm32f1xx_hal_tim_ex.o
                0x0000000008001be8                HAL_TIMEx_MasterConfigSynchronization
 .text.HAL_TIMEx_CommutCallback
                0x0000000008001c98       0x12 ./Drivers/STM32F1xx_HAL_Driver/stm32f1xx_hal_tim_ex.o
                0x0000000008001c98                HAL_TIMEx_CommutCallback
 .text.HAL_TIMEx_BreakCallback
                0x0000000008001caa       0x12 ./Drivers/STM32F1xx_HAL_Driver/stm32f1xx_hal_tim_ex.o
                0x0000000008001caa                HAL_TIMEx_BreakCallback
 .text.__libc_init_array
                0x0000000008001cbc       0x48 d:/stm32cubeide_1.7.0/stm32cubeide/plugins/com.st.stm32cube.ide.mcu.externaltools.gnu-tools-for-stm32.9-2020-q2-update.win32_2.0.0.202105311346/tools/bin/../lib/gcc/arm-none-eabi/9.3.1/../../../../arm-none-eabi/lib/thumb/v7-m/nofp\libc_nano.a(lib_a-init.o)
                0x0000000008001cbc                __libc_init_array
 .text.memset   0x0000000008001d04       0x10 d:/stm32cubeide_1.7.0/stm32cubeide/plugins/com.st.stm32cube.ide.mcu.externaltools.gnu-tools-for-stm32.9-2020-q2-update.win32_2.0.0.202105311346/tools/bin/../lib/gcc/arm-none-eabi/9.3.1/../../../../arm-none-eabi/lib/thumb/v7-m/nofp\libc_nano.a(lib_a-memset.o)
                0x0000000008001d04                memset
 *(.glue_7)
 .glue_7        0x0000000008001d14        0x0 linker stubs
 *(.glue_7t)
 .glue_7t       0x0000000008001d14        0x0 linker stubs
 *(.eh_frame)
 .eh_frame      0x0000000008001d14        0x0 d:/stm32cubeide_1.7.0/stm32cubeide/plugins/com.st.stm32cube.ide.mcu.externaltools.gnu-tools-for-stm32.9-2020-q2-update.win32_2.0.0.202105311346/tools/bin/../lib/gcc/arm-none-eabi/9.3.1/thumb/v7-m/nofp/crtbegin.o
 *(.init)
 .init          0x0000000008001d14        0x4 d:/stm32cubeide_1.7.0/stm32cubeide/plugins/com.st.stm32cube.ide.mcu.externaltools.gnu-tools-for-stm32.9-2020-q2-update.win32_2.0.0.202105311346/tools/bin/../lib/gcc/arm-none-eabi/9.3.1/thumb/v7-m/nofp/crti.o
                0x0000000008001d14                _init
 .init          0x0000000008001d18        0x8 d:/stm32cubeide_1.7.0/stm32cubeide/plugins/com.st.stm32cube.ide.mcu.externaltools.gnu-tools-for-stm32.9-2020-q2-update.win32_2.0.0.202105311346/tools/bin/../lib/gcc/arm-none-eabi/9.3.1/thumb/v7-m/nofp/crtn.o
 *(.fini)
 .fini          0x0000000008001d20        0x4 d:/stm32cubeide_1.7.0/stm32cubeide/plugins/com.st.stm32cube.ide.mcu.externaltools.gnu-tools-for-stm32.9-2020-q2-update.win32_2.0.0.202105311346/tools/bin/../lib/gcc/arm-none-eabi/9.3.1/thumb/v7-m/nofp/crti.o
                0x0000000008001d20                _fini
 .fini          0x0000000008001d24        0x8 d:/stm32cubeide_1.7.0/stm32cubeide/plugins/com.st.stm32cube.ide.mcu.externaltools.gnu-tools-for-stm32.9-2020-q2-update.win32_2.0.0.202105311346/tools/bin/../lib/gcc/arm-none-eabi/9.3.1/thumb/v7-m/nofp/crtn.o
                0x0000000008001d2c                . = ALIGN (0x4)
                0x0000000008001d2c                _etext = .

.vfp11_veneer   0x0000000008001d2c        0x0
 .vfp11_veneer  0x0000000008001d2c        0x0 linker stubs

.v4_bx          0x0000000008001d2c        0x0
 .v4_bx         0x0000000008001d2c        0x0 linker stubs

.iplt           0x0000000008001d2c        0x0
 .iplt          0x0000000008001d2c        0x0 d:/stm32cubeide_1.7.0/stm32cubeide/plugins/com.st.stm32cube.ide.mcu.externaltools.gnu-tools-for-stm32.9-2020-q2-update.win32_2.0.0.202105311346/tools/bin/../lib/gcc/arm-none-eabi/9.3.1/thumb/v7-m/nofp/crtbegin.o

.rodata         0x0000000008001d2c       0x24
                0x0000000008001d2c                . = ALIGN (0x4)
 *(.rodata)
 *(.rodata*)
 .rodata.AHBPrescTable
                0x0000000008001d2c       0x10 ./Core/Src/system_stm32f1xx.o
                0x0000000008001d2c                AHBPrescTable
 .rodata.aPLLMULFactorTable.6032
                0x0000000008001d3c       0x10 ./Drivers/STM32F1xx_HAL_Driver/stm32f1xx_hal_rcc.o
 .rodata.aPredivFactorTable.6033
                0x0000000008001d4c        0x2 ./Drivers/STM32F1xx_HAL_Driver/stm32f1xx_hal_rcc.o
                0x0000000008001d50                . = ALIGN (0x4)
 *fill*         0x0000000008001d4e        0x2 

.rel.dyn        0x0000000008001d50        0x0
 .rel.iplt      0x0000000008001d50        0x0 d:/stm32cubeide_1.7.0/stm32cubeide/plugins/com.st.stm32cube.ide.mcu.externaltools.gnu-tools-for-stm32.9-2020-q2-update.win32_2.0.0.202105311346/tools/bin/../lib/gcc/arm-none-eabi/9.3.1/thumb/v7-m/nofp/crtbegin.o

.ARM.extab      0x0000000008001d50        0x0
                0x0000000008001d50                . = ALIGN (0x4)
 *(.ARM.extab* .gnu.linkonce.armextab.*)
                0x0000000008001d50                . = ALIGN (0x4)

.ARM            0x0000000008001d50        0x0
                0x0000000008001d50                . = ALIGN (0x4)
                0x0000000008001d50                __exidx_start = .
 *(.ARM.exidx*)
                0x0000000008001d50                __exidx_end = .
                0x0000000008001d50                . = ALIGN (0x4)

.preinit_array  0x0000000008001d50        0x0
                0x0000000008001d50                . = ALIGN (0x4)
                0x0000000008001d50                PROVIDE (__preinit_array_start = .)
 *(.preinit_array*)
                0x0000000008001d50                PROVIDE (__preinit_array_end = .)
                0x0000000008001d50                . = ALIGN (0x4)

.init_array     0x0000000008001d50        0x4
                0x0000000008001d50                . = ALIGN (0x4)
                0x0000000008001d50                PROVIDE (__init_array_start = .)
 *(SORT_BY_NAME(.init_array.*))
 *(.init_array*)
 .init_array    0x0000000008001d50        0x4 d:/stm32cubeide_1.7.0/stm32cubeide/plugins/com.st.stm32cube.ide.mcu.externaltools.gnu-tools-for-stm32.9-2020-q2-update.win32_2.0.0.202105311346/tools/bin/../lib/gcc/arm-none-eabi/9.3.1/thumb/v7-m/nofp/crtbegin.o
                0x0000000008001d54                PROVIDE (__init_array_end = .)
                0x0000000008001d54                . = ALIGN (0x4)

.fini_array     0x0000000008001d54        0x4
                0x0000000008001d54                . = ALIGN (0x4)
                [!provide]                        PROVIDE (__fini_array_start = .)
 *(SORT_BY_NAME(.fini_array.*))
 *(.fini_array*)
 .fini_array    0x0000000008001d54        0x4 d:/stm32cubeide_1.7.0/stm32cubeide/plugins/com.st.stm32cube.ide.mcu.externaltools.gnu-tools-for-stm32.9-2020-q2-update.win32_2.0.0.202105311346/tools/bin/../lib/gcc/arm-none-eabi/9.3.1/thumb/v7-m/nofp/crtbegin.o
                [!provide]                        PROVIDE (__fini_array_end = .)
                0x0000000008001d58                . = ALIGN (0x4)
                0x0000000008001d58                _sidata = LOADADDR (.data)

.data           0x0000000020000000        0xc load address 0x0000000008001d58
                0x0000000020000000                . = ALIGN (0x4)
                0x0000000020000000                _sdata = .
 *(.data)
 *(.data*)
 .data.SystemCoreClock
                0x0000000020000000        0x4 ./Core/Src/system_stm32f1xx.o
                0x0000000020000000                SystemCoreClock
 .data.uwTickPrio
                0x0000000020000004        0x4 ./Drivers/STM32F1xx_HAL_Driver/stm32f1xx_hal.o
                0x0000000020000004                uwTickPrio
 .data.uwTickFreq
                0x0000000020000008        0x1 ./Drivers/STM32F1xx_HAL_Driver/stm32f1xx_hal.o
                0x0000000020000008                uwTickFreq
 *(.RamFunc)
 *(.RamFunc*)
                0x000000002000000c                . = ALIGN (0x4)
 *fill*         0x0000000020000009        0x3 
                0x000000002000000c                _edata = .

.igot.plt       0x000000002000000c        0x0 load address 0x0000000008001d64
 .igot.plt      0x000000002000000c        0x0 d:/stm32cubeide_1.7.0/stm32cubeide/plugins/com.st.stm32cube.ide.mcu.externaltools.gnu-tools-for-stm32.9-2020-q2-update.win32_2.0.0.202105311346/tools/bin/../lib/gcc/arm-none-eabi/9.3.1/thumb/v7-m/nofp/crtbegin.o
                0x000000002000000c                . = ALIGN (0x4)

.bss            0x000000002000000c      0x1f8 load address 0x0000000008001d64
                0x000000002000000c                _sbss = .
                0x000000002000000c                __bss_start__ = _sbss
 *(.bss)
 .bss           0x000000002000000c       0x1c d:/stm32cubeide_1.7.0/stm32cubeide/plugins/com.st.stm32cube.ide.mcu.externaltools.gnu-tools-for-stm32.9-2020-q2-update.win32_2.0.0.202105311346/tools/bin/../lib/gcc/arm-none-eabi/9.3.1/thumb/v7-m/nofp/crtbegin.o
 *(.bss*)
 *(COMMON)
 COMMON         0x0000000020000028      0x140 ./Core/Src/button_array.o
                0x0000000020000028                KeyReg3
                0x0000000020000050                KeyReg0
                0x0000000020000078                KeyReg1
                0x00000000200000a0                TimeOutForKeyPress
                0x00000000200000c8                button_flag
                0x00000000200000f0                button_pressed
                0x0000000020000118                KeyReg2
                0x0000000020000140                button_long_pressed
 COMMON         0x0000000020000168       0x98 ./Core/Src/main.o
                0x0000000020000168                timer_counter
                0x0000000020000190                timer_flag
                0x00000000200001b8                htim2
 COMMON         0x0000000020000200        0x4 ./Drivers/STM32F1xx_HAL_Driver/stm32f1xx_hal.o
                0x0000000020000200                uwTick
                0x0000000020000204                . = ALIGN (0x4)
                0x0000000020000204                _ebss = .
                0x0000000020000204                __bss_end__ = _ebss

._user_heap_stack
                0x0000000020000204      0x604 load address 0x0000000008001d64
                0x0000000020000208                . = ALIGN (0x8)
 *fill*         0x0000000020000204        0x4 
                [!provide]                        PROVIDE (end = .)
                0x0000000020000208                PROVIDE (_end = .)
                0x0000000020000408                . = (. + _Min_Heap_Size)
 *fill*         0x0000000020000208      0x200 
                0x0000000020000808                . = (. + _Min_Stack_Size)
 *fill*         0x0000000020000408      0x400 
                0x0000000020000808                . = ALIGN (0x8)

/DISCARD/
 libc.a(*)
 libm.a(*)
 libgcc.a(*)

.ARM.attributes
                0x0000000000000000       0x29
 *(.ARM.attributes)
 .ARM.attributes
                0x0000000000000000       0x1d d:/stm32cubeide_1.7.0/stm32cubeide/plugins/com.st.stm32cube.ide.mcu.externaltools.gnu-tools-for-stm32.9-2020-q2-update.win32_2.0.0.202105311346/tools/bin/../lib/gcc/arm-none-eabi/9.3.1/thumb/v7-m/nofp/crti.o
 .ARM.attributes
                0x000000000000001d       0x2d d:/stm32cubeide_1.7.0/stm32cubeide/plugins/com.st.stm32cube.ide.mcu.externaltools.gnu-tools-for-stm32.9-2020-q2-update.win32_2.0.0.202105311346/tools/bin/../lib/gcc/arm-none-eabi/9.3.1/thumb/v7-m/nofp/crtbegin.o
 .ARM.attributes
                0x000000000000004a       0x2d ./Core/Src/button_array.o
 .ARM.attributes
                0x0000000000000077       0x2d ./Core/Src/main.o
 .ARM.attributes
                0x00000000000000a4       0x2d ./Core/Src/software_timer.o
 .ARM.attributes
                0x00000000000000d1       0x2d ./Core/Src/stm32f1xx_hal_msp.o
 .ARM.attributes
                0x00000000000000fe       0x2d ./Core/Src/stm32f1xx_it.o
 .ARM.attributes
                0x000000000000012b       0x2d ./Core/Src/system_stm32f1xx.o
 .ARM.attributes
                0x0000000000000158       0x21 ./Core/Startup/startup_stm32f103c6tx.o
 .ARM.attributes
                0x0000000000000179       0x2d ./Drivers/STM32F1xx_HAL_Driver/stm32f1xx_hal.o
 .ARM.attributes
                0x00000000000001a6       0x2d ./Drivers/STM32F1xx_HAL_Driver/stm32f1xx_hal_cortex.o
 .ARM.attributes
                0x00000000000001d3       0x2d ./Drivers/STM32F1xx_HAL_Driver/stm32f1xx_hal_gpio.o
 .ARM.attributes
                0x0000000000000200       0x2d ./Drivers/STM32F1xx_HAL_Driver/stm32f1xx_hal_rcc.o
 .ARM.attributes
                0x000000000000022d       0x2d ./Drivers/STM32F1xx_HAL_Driver/stm32f1xx_hal_tim.o
 .ARM.attributes
                0x000000000000025a       0x2d ./Drivers/STM32F1xx_HAL_Driver/stm32f1xx_hal_tim_ex.o
 .ARM.attributes
                0x0000000000000287       0x2d d:/stm32cubeide_1.7.0/stm32cubeide/plugins/com.st.stm32cube.ide.mcu.externaltools.gnu-tools-for-stm32.9-2020-q2-update.win32_2.0.0.202105311346/tools/bin/../lib/gcc/arm-none-eabi/9.3.1/../../../../arm-none-eabi/lib/thumb/v7-m/nofp\libc_nano.a(lib_a-init.o)
 .ARM.attributes
                0x00000000000002b4       0x2d d:/stm32cubeide_1.7.0/stm32cubeide/plugins/com.st.stm32cube.ide.mcu.externaltools.gnu-tools-for-stm32.9-2020-q2-update.win32_2.0.0.202105311346/tools/bin/../lib/gcc/arm-none-eabi/9.3.1/../../../../arm-none-eabi/lib/thumb/v7-m/nofp\libc_nano.a(lib_a-memset.o)
 .ARM.attributes
                0x00000000000002e1       0x1d d:/stm32cubeide_1.7.0/stm32cubeide/plugins/com.st.stm32cube.ide.mcu.externaltools.gnu-tools-for-stm32.9-2020-q2-update.win32_2.0.0.202105311346/tools/bin/../lib/gcc/arm-none-eabi/9.3.1/thumb/v7-m/nofp/crtn.o
OUTPUT(LAB3.elf elf32-littlearm)
LOAD linker stubs
LOAD d:/stm32cubeide_1.7.0/stm32cubeide/plugins/com.st.stm32cube.ide.mcu.externaltools.gnu-tools-for-stm32.9-2020-q2-update.win32_2.0.0.202105311346/tools/bin/../lib/gcc/arm-none-eabi/9.3.1/../../../../arm-none-eabi/lib/thumb/v7-m/nofp\libc.a
LOAD d:/stm32cubeide_1.7.0/stm32cubeide/plugins/com.st.stm32cube.ide.mcu.externaltools.gnu-tools-for-stm32.9-2020-q2-update.win32_2.0.0.202105311346/tools/bin/../lib/gcc/arm-none-eabi/9.3.1/../../../../arm-none-eabi/lib/thumb/v7-m/nofp\libm.a
LOAD d:/stm32cubeide_1.7.0/stm32cubeide/plugins/com.st.stm32cube.ide.mcu.externaltools.gnu-tools-for-stm32.9-2020-q2-update.win32_2.0.0.202105311346/tools/bin/../lib/gcc/arm-none-eabi/9.3.1/thumb/v7-m/nofp\libgcc.a

.debug_info     0x0000000000000000     0x8b96
 .debug_info    0x0000000000000000      0x3fe ./Core/Src/button_array.o
 .debug_info    0x00000000000003fe      0xc7a ./Core/Src/main.o
 .debug_info    0x0000000000001078      0x22d ./Core/Src/software_timer.o
 .debug_info    0x00000000000012a5      0xa09 ./Core/Src/stm32f1xx_hal_msp.o
 .debug_info    0x0000000000001cae      0x7b9 ./Core/Src/stm32f1xx_it.o
 .debug_info    0x0000000000002467      0x2be ./Core/Src/system_stm32f1xx.o
 .debug_info    0x0000000000002725       0x22 ./Core/Startup/startup_stm32f103c6tx.o
 .debug_info    0x0000000000002747      0x74c ./Drivers/STM32F1xx_HAL_Driver/stm32f1xx_hal.o
 .debug_info    0x0000000000002e93      0xbbe ./Drivers/STM32F1xx_HAL_Driver/stm32f1xx_hal_cortex.o
 .debug_info    0x0000000000003a51      0x701 ./Drivers/STM32F1xx_HAL_Driver/stm32f1xx_hal_gpio.o
 .debug_info    0x0000000000004152      0x893 ./Drivers/STM32F1xx_HAL_Driver/stm32f1xx_hal_rcc.o
 .debug_info    0x00000000000049e5     0x2c32 ./Drivers/STM32F1xx_HAL_Driver/stm32f1xx_hal_tim.o
 .debug_info    0x0000000000007617     0x157f ./Drivers/STM32F1xx_HAL_Driver/stm32f1xx_hal_tim_ex.o

.debug_abbrev   0x0000000000000000     0x17a2
 .debug_abbrev  0x0000000000000000      0x1ab ./Core/Src/button_array.o
 .debug_abbrev  0x00000000000001ab      0x22c ./Core/Src/main.o
 .debug_abbrev  0x00000000000003d7      0x11f ./Core/Src/software_timer.o
 .debug_abbrev  0x00000000000004f6      0x1b7 ./Core/Src/stm32f1xx_hal_msp.o
 .debug_abbrev  0x00000000000006ad      0x176 ./Core/Src/stm32f1xx_it.o
 .debug_abbrev  0x0000000000000823      0x14e ./Core/Src/system_stm32f1xx.o
 .debug_abbrev  0x0000000000000971       0x12 ./Core/Startup/startup_stm32f103c6tx.o
 .debug_abbrev  0x0000000000000983      0x1ed ./Drivers/STM32F1xx_HAL_Driver/stm32f1xx_hal.o
 .debug_abbrev  0x0000000000000b70      0x313 ./Drivers/STM32F1xx_HAL_Driver/stm32f1xx_hal_cortex.o
 .debug_abbrev  0x0000000000000e83      0x1e8 ./Drivers/STM32F1xx_HAL_Driver/stm32f1xx_hal_gpio.o
 .debug_abbrev  0x000000000000106b      0x273 ./Drivers/STM32F1xx_HAL_Driver/stm32f1xx_hal_rcc.o
 .debug_abbrev  0x00000000000012de      0x25e ./Drivers/STM32F1xx_HAL_Driver/stm32f1xx_hal_tim.o
 .debug_abbrev  0x000000000000153c      0x266 ./Drivers/STM32F1xx_HAL_Driver/stm32f1xx_hal_tim_ex.o

.debug_aranges  0x0000000000000000      0x998
 .debug_aranges
                0x0000000000000000       0x40 ./Core/Src/button_array.o
 .debug_aranges
                0x0000000000000040       0x48 ./Core/Src/main.o
 .debug_aranges
                0x0000000000000088       0x28 ./Core/Src/software_timer.o
 .debug_aranges
                0x00000000000000b0       0x30 ./Core/Src/stm32f1xx_hal_msp.o
 .debug_aranges
                0x00000000000000e0       0x68 ./Core/Src/stm32f1xx_it.o
 .debug_aranges
                0x0000000000000148       0x28 ./Core/Src/system_stm32f1xx.o
 .debug_aranges
                0x0000000000000170       0x28 ./Core/Startup/startup_stm32f103c6tx.o
 .debug_aranges
                0x0000000000000198       0xe0 ./Drivers/STM32F1xx_HAL_Driver/stm32f1xx_hal.o
 .debug_aranges
                0x0000000000000278      0x100 ./Drivers/STM32F1xx_HAL_Driver/stm32f1xx_hal_cortex.o
 .debug_aranges
                0x0000000000000378       0x58 ./Drivers/STM32F1xx_HAL_Driver/stm32f1xx_hal_gpio.o
 .debug_aranges
                0x00000000000003d0       0x90 ./Drivers/STM32F1xx_HAL_Driver/stm32f1xx_hal_rcc.o
 .debug_aranges
                0x0000000000000460      0x3d0 ./Drivers/STM32F1xx_HAL_Driver/stm32f1xx_hal_tim.o
 .debug_aranges
                0x0000000000000830      0x168 ./Drivers/STM32F1xx_HAL_Driver/stm32f1xx_hal_tim_ex.o

.debug_ranges   0x0000000000000000      0x8d0
 .debug_ranges  0x0000000000000000       0x30 ./Core/Src/button_array.o
 .debug_ranges  0x0000000000000030       0x38 ./Core/Src/main.o
 .debug_ranges  0x0000000000000068       0x18 ./Core/Src/software_timer.o
 .debug_ranges  0x0000000000000080       0x20 ./Core/Src/stm32f1xx_hal_msp.o
 .debug_ranges  0x00000000000000a0       0x58 ./Core/Src/stm32f1xx_it.o
 .debug_ranges  0x00000000000000f8       0x18 ./Core/Src/system_stm32f1xx.o
 .debug_ranges  0x0000000000000110       0x20 ./Core/Startup/startup_stm32f103c6tx.o
 .debug_ranges  0x0000000000000130       0xd0 ./Drivers/STM32F1xx_HAL_Driver/stm32f1xx_hal.o
 .debug_ranges  0x0000000000000200       0xf0 ./Drivers/STM32F1xx_HAL_Driver/stm32f1xx_hal_cortex.o
 .debug_ranges  0x00000000000002f0       0x48 ./Drivers/STM32F1xx_HAL_Driver/stm32f1xx_hal_gpio.o
 .debug_ranges  0x0000000000000338       0x80 ./Drivers/STM32F1xx_HAL_Driver/stm32f1xx_hal_rcc.o
 .debug_ranges  0x00000000000003b8      0x3c0 ./Drivers/STM32F1xx_HAL_Driver/stm32f1xx_hal_tim.o
 .debug_ranges  0x0000000000000778      0x158 ./Drivers/STM32F1xx_HAL_Driver/stm32f1xx_hal_tim_ex.o

.debug_macro    0x0000000000000000    0x15c2c
 .debug_macro   0x0000000000000000      0x1b5 ./Core/Src/button_array.o
 .debug_macro   0x00000000000001b5      0x215 ./Core/Src/button_array.o
 .debug_macro   0x00000000000003ca       0x2e ./Core/Src/button_array.o
 .debug_macro   0x00000000000003f8       0x22 ./Core/Src/button_array.o
 .debug_macro   0x000000000000041a       0x22 ./Core/Src/button_array.o
 .debug_macro   0x000000000000043c       0x8e ./Core/Src/button_array.o
 .debug_macro   0x00000000000004ca       0x51 ./Core/Src/button_array.o
 .debug_macro   0x000000000000051b      0x103 ./Core/Src/button_array.o
 .debug_macro   0x000000000000061e       0x6a ./Core/Src/button_array.o
 .debug_macro   0x0000000000000688      0x1df ./Core/Src/button_array.o
 .debug_macro   0x0000000000000867       0x1c ./Core/Src/button_array.o
 .debug_macro   0x0000000000000883       0x22 ./Core/Src/button_array.o
 .debug_macro   0x00000000000008a5       0xc3 ./Core/Src/button_array.o
 .debug_macro   0x0000000000000968      0xd23 ./Core/Src/button_array.o
 .debug_macro   0x000000000000168b     0xde75 ./Core/Src/button_array.o
 .debug_macro   0x000000000000f500       0x6d ./Core/Src/button_array.o
 .debug_macro   0x000000000000f56d     0x34a2 ./Core/Src/button_array.o
 .debug_macro   0x0000000000012a0f      0x174 ./Core/Src/button_array.o
 .debug_macro   0x0000000000012b83       0x5c ./Core/Src/button_array.o
 .debug_macro   0x0000000000012bdf      0x5bc ./Core/Src/button_array.o
 .debug_macro   0x000000000001319b      0x1b7 ./Core/Src/button_array.o
 .debug_macro   0x0000000000013352      0x1cb ./Core/Src/button_array.o
 .debug_macro   0x000000000001351d      0x114 ./Core/Src/button_array.o
 .debug_macro   0x0000000000013631      0x1b2 ./Core/Src/button_array.o
 .debug_macro   0x00000000000137e3       0x27 ./Core/Src/button_array.o
 .debug_macro   0x000000000001380a      0x12f ./Core/Src/button_array.o
 .debug_macro   0x0000000000013939      0x1bc ./Core/Src/button_array.o
 .debug_macro   0x0000000000013af5       0x34 ./Core/Src/button_array.o
 .debug_macro   0x0000000000013b29       0x3c ./Core/Src/button_array.o
 .debug_macro   0x0000000000013b65       0x57 ./Core/Src/button_array.o
 .debug_macro   0x0000000000013bbc       0x87 ./Core/Src/button_array.o
 .debug_macro   0x0000000000013c43      0x183 ./Core/Src/button_array.o
 .debug_macro   0x0000000000013dc6      0x140 ./Core/Src/button_array.o
 .debug_macro   0x0000000000013f06      0x8ed ./Core/Src/button_array.o
 .debug_macro   0x00000000000147f3       0x69 ./Core/Src/button_array.o
 .debug_macro   0x000000000001485c      0x100 ./Core/Src/button_array.o
 .debug_macro   0x000000000001495c       0x16 ./Core/Src/button_array.o
 .debug_macro   0x0000000000014972      0x1d5 ./Core/Src/main.o
 .debug_macro   0x0000000000014b47       0x1c ./Core/Src/main.o
 .debug_macro   0x0000000000014b63      0x1b0 ./Core/Src/software_timer.o
 .debug_macro   0x0000000000014d13      0x1a6 ./Core/Src/stm32f1xx_hal_msp.o
 .debug_macro   0x0000000000014eb9      0x1b0 ./Core/Src/stm32f1xx_it.o
 .debug_macro   0x0000000000015069      0x197 ./Core/Src/system_stm32f1xx.o
 .debug_macro   0x0000000000015200      0x1bb ./Drivers/STM32F1xx_HAL_Driver/stm32f1xx_hal.o
 .debug_macro   0x00000000000153bb      0x197 ./Drivers/STM32F1xx_HAL_Driver/stm32f1xx_hal_cortex.o
 .debug_macro   0x0000000000015552      0x202 ./Drivers/STM32F1xx_HAL_Driver/stm32f1xx_hal_gpio.o
 .debug_macro   0x0000000000015754      0x1a9 ./Drivers/STM32F1xx_HAL_Driver/stm32f1xx_hal_rcc.o
 .debug_macro   0x00000000000158fd      0x198 ./Drivers/STM32F1xx_HAL_Driver/stm32f1xx_hal_tim.o
 .debug_macro   0x0000000000015a95      0x197 ./Drivers/STM32F1xx_HAL_Driver/stm32f1xx_hal_tim_ex.o

.debug_line     0x0000000000000000     0xacf2
 .debug_line    0x0000000000000000      0x8a5 ./Core/Src/button_array.o
 .debug_line    0x00000000000008a5      0x8a5 ./Core/Src/main.o
 .debug_line    0x000000000000114a      0x787 ./Core/Src/software_timer.o
 .debug_line    0x00000000000018d1      0x771 ./Core/Src/stm32f1xx_hal_msp.o
 .debug_line    0x0000000000002042      0x80f ./Core/Src/stm32f1xx_it.o
 .debug_line    0x0000000000002851      0x7b3 ./Core/Src/system_stm32f1xx.o
 .debug_line    0x0000000000003004       0x86 ./Core/Startup/startup_stm32f103c6tx.o
 .debug_line    0x000000000000308a      0xa17 ./Drivers/STM32F1xx_HAL_Driver/stm32f1xx_hal.o
 .debug_line    0x0000000000003aa1      0xbff ./Drivers/STM32F1xx_HAL_Driver/stm32f1xx_hal_cortex.o
 .debug_line    0x00000000000046a0      0xa9a ./Drivers/STM32F1xx_HAL_Driver/stm32f1xx_hal_gpio.o
 .debug_line    0x000000000000513a      0xe23 ./Drivers/STM32F1xx_HAL_Driver/stm32f1xx_hal_rcc.o
 .debug_line    0x0000000000005f5d     0x3468 ./Drivers/STM32F1xx_HAL_Driver/stm32f1xx_hal_tim.o
 .debug_line    0x00000000000093c5     0x192d ./Drivers/STM32F1xx_HAL_Driver/stm32f1xx_hal_tim_ex.o

.debug_str      0x0000000000000000    0x823ba
 .debug_str     0x0000000000000000    0x7f85a ./Core/Src/button_array.o
                                      0x7fb97 (size before relaxing)
 .debug_str     0x000000000007f85a      0x78f ./Core/Src/main.o
                                      0x8035f (size before relaxing)
 .debug_str     0x000000000007ffe9       0x35 ./Core/Src/software_timer.o
                                      0x7fac3 (size before relaxing)
 .debug_str     0x000000000008001e      0x2ba ./Core/Src/stm32f1xx_hal_msp.o
                                      0x8026f (size before relaxing)
 .debug_str     0x00000000000802d8       0xcd ./Core/Src/stm32f1xx_it.o
                                      0x7ffd1 (size before relaxing)
 .debug_str     0x00000000000803a5       0x52 ./Core/Src/system_stm32f1xx.o
                                      0x7f769 (size before relaxing)
 .debug_str     0x00000000000803f7       0x36 ./Core/Startup/startup_stm32f103c6tx.o
                                         0x5d (size before relaxing)
 .debug_str     0x000000000008042d      0x33b ./Drivers/STM32F1xx_HAL_Driver/stm32f1xx_hal.o
                                      0x7fdf7 (size before relaxing)
 .debug_str     0x0000000000080768      0x337 ./Drivers/STM32F1xx_HAL_Driver/stm32f1xx_hal_cortex.o
                                      0x7fdff (size before relaxing)
 .debug_str     0x0000000000080a9f      0x35b ./Drivers/STM32F1xx_HAL_Driver/stm32f1xx_hal_gpio.o
                                      0x7fb64 (size before relaxing)
 .debug_str     0x0000000000080dfa      0x286 ./Drivers/STM32F1xx_HAL_Driver/stm32f1xx_hal_rcc.o
                                      0x7fb9d (size before relaxing)
 .debug_str     0x0000000000081080      0xe15 ./Drivers/STM32F1xx_HAL_Driver/stm32f1xx_hal_tim.o
                                      0x80b86 (size before relaxing)
 .debug_str     0x0000000000081e95      0x525 ./Drivers/STM32F1xx_HAL_Driver/stm32f1xx_hal_tim_ex.o
                                      0x80327 (size before relaxing)

.comment        0x0000000000000000       0x53
 .comment       0x0000000000000000       0x53 ./Core/Src/button_array.o
                                         0x54 (size before relaxing)
 .comment       0x0000000000000053       0x54 ./Core/Src/main.o
 .comment       0x0000000000000053       0x54 ./Core/Src/software_timer.o
 .comment       0x0000000000000053       0x54 ./Core/Src/stm32f1xx_hal_msp.o
 .comment       0x0000000000000053       0x54 ./Core/Src/stm32f1xx_it.o
 .comment       0x0000000000000053       0x54 ./Core/Src/system_stm32f1xx.o
 .comment       0x0000000000000053       0x54 ./Drivers/STM32F1xx_HAL_Driver/stm32f1xx_hal.o
 .comment       0x0000000000000053       0x54 ./Drivers/STM32F1xx_HAL_Driver/stm32f1xx_hal_cortex.o
 .comment       0x0000000000000053       0x54 ./Drivers/STM32F1xx_HAL_Driver/stm32f1xx_hal_gpio.o
 .comment       0x0000000000000053       0x54 ./Drivers/STM32F1xx_HAL_Driver/stm32f1xx_hal_rcc.o
 .comment       0x0000000000000053       0x54 ./Drivers/STM32F1xx_HAL_Driver/stm32f1xx_hal_tim.o
 .comment       0x0000000000000053       0x54 ./Drivers/STM32F1xx_HAL_Driver/stm32f1xx_hal_tim_ex.o

.debug_frame    0x0000000000000000     0x26f8
 .debug_frame   0x0000000000000000       0xd4 ./Core/Src/button_array.o
 .debug_frame   0x00000000000000d4       0xd4 ./Core/Src/main.o
 .debug_frame   0x00000000000001a8       0x60 ./Core/Src/software_timer.o
 .debug_frame   0x0000000000000208       0x80 ./Core/Src/stm32f1xx_hal_msp.o
 .debug_frame   0x0000000000000288      0x120 ./Core/Src/stm32f1xx_it.o
 .debug_frame   0x00000000000003a8       0x58 ./Core/Src/system_stm32f1xx.o
 .debug_frame   0x0000000000000400      0x334 ./Drivers/STM32F1xx_HAL_Driver/stm32f1xx_hal.o
 .debug_frame   0x0000000000000734      0x428 ./Drivers/STM32F1xx_HAL_Driver/stm32f1xx_hal_cortex.o
 .debug_frame   0x0000000000000b5c      0x14c ./Drivers/STM32F1xx_HAL_Driver/stm32f1xx_hal_gpio.o
 .debug_frame   0x0000000000000ca8      0x218 ./Drivers/STM32F1xx_HAL_Driver/stm32f1xx_hal_rcc.o
 .debug_frame   0x0000000000000ec0     0x11b4 ./Drivers/STM32F1xx_HAL_Driver/stm32f1xx_hal_tim.o
 .debug_frame   0x0000000000002074      0x638 ./Drivers/STM32F1xx_HAL_Driver/stm32f1xx_hal_tim_ex.o
 .debug_frame   0x00000000000026ac       0x2c d:/stm32cubeide_1.7.0/stm32cubeide/plugins/com.st.stm32cube.ide.mcu.externaltools.gnu-tools-for-stm32.9-2020-q2-update.win32_2.0.0.202105311346/tools/bin/../lib/gcc/arm-none-eabi/9.3.1/../../../../arm-none-eabi/lib/thumb/v7-m/nofp\libc_nano.a(lib_a-init.o)
 .debug_frame   0x00000000000026d8       0x20 d:/stm32cubeide_1.7.0/stm32cubeide/plugins/com.st.stm32cube.ide.mcu.externaltools.gnu-tools-for-stm32.9-2020-q2-update.win32_2.0.0.202105311346/tools/bin/../lib/gcc/arm-none-eabi/9.3.1/../../../../arm-none-eabi/lib/thumb/v7-m/nofp\libc_nano.a(lib_a-memset.o)
